[INFO] [1772634894.015453865] [px4_1.offboard_control]: Starting offboard controller for /px4_1 with target=(0.00, 0.00, -5.00) yaw=-3.14
[INFO] [1772634894.113441558] [px4_1.offboard_control]: Using discovered PX4 target ids system=2 component=1
[INFO] [1772634895.032920731] [px4_1.offboard_control]: Received mission setpoint (5.00, 0.00, -5.00) yaw=0.02
[INFO] [1772634895.104511577] [px4_1.offboard_control]: Target reached within 1.13 m
[INFO] [1772634895.104795177] [px4_1.offboard_control]: Switch to Offboard mode command send
[INFO] [1772634895.104937398] [px4_1.offboard_control]: Arm command send
[INFO] [1772634895.233047767] [px4_1.offboard_control]: Received mission setpoint (5.00, 0.00, -5.00) yaw=0.00
[INFO] [1772634895.435025595] [px4_1.offboard_control]: Received mission setpoint (5.00, 0.00, -5.00) yaw=-0.04
[INFO] [1772634895.633074807] [px4_1.offboard_control]: Received mission setpoint (5.00, 0.00, -5.00) yaw=-0.09
[INFO] [1772634895.832976194] [px4_1.offboard_control]: Received mission setpoint (5.00, 0.00, -5.00) yaw=-0.12
[INFO] [1772634896.033074997] [px4_1.offboard_control]: Received mission setpoint (5.00, 0.00, -5.00) yaw=-0.13
[INFO] [1772634896.232928122] [px4_1.offboard_control]: Received mission setpoint (5.00, 0.00, -5.00) yaw=-0.14
[INFO] [1772634896.433192008] [px4_1.offboard_control]: Received mission setpoint (5.00, 0.00, -5.00) yaw=-0.16
[INFO] [1772634896.632947925] [px4_1.offboard_control]: Received mission setpoint (5.00, 0.00, -5.00) yaw=-0.18
[INFO] [1772634896.704496621] [px4_1.offboard_control]: Target reached within 1.36 m
[INFO] [1772634896.832990367] [px4_1.offboard_control]: Received mission setpoint (5.00, 0.00, -5.00) yaw=-0.21
[INFO] [1772634896.904416568] [px4_1.offboard_control]: Target reached within 1.06 m
[INFO] [1772634897.032898906] [px4_1.offboard_control]: Received mission setpoint (5.00, 0.00, -5.00) yaw=-0.24
[INFO] [1772634897.104445907] [px4_1.offboard_control]: Target reached within 0.78 m
[INFO] [1772634897.232978737] [px4_1.offboard_control]: Received mission setpoint (5.00, 0.00, -5.00) yaw=-0.27
[INFO] [1772634897.304431838] [px4_1.offboard_control]: Target reached within 0.53 m
[INFO] [1772634897.432936241] [px4_1.offboard_control]: Received mission setpoint (5.00, 0.00, -5.00) yaw=-0.33
[INFO] [1772634897.504692547] [px4_1.offboard_control]: Target reached within 0.32 m
[INFO] [1772634897.633102411] [px4_1.offboard_control]: Received mission setpoint (5.00, 0.00, -5.00) yaw=-0.44
[INFO] [1772634897.704457319] [px4_1.offboard_control]: Target reached within 0.14 m
[INFO] [1772634897.832846121] [px4_1.offboard_control]: Received mission setpoint (5.00, 0.00, -5.00) yaw=-1.10
[INFO] [1772634897.904500088] [px4_1.offboard_control]: Target reached within 0.04 m
[INFO] [1772634898.033085626] [px4_1.offboard_control]: Received mission setpoint (5.00, 0.00, -5.00) yaw=-3.06
[INFO] [1772634898.104497170] [px4_1.offboard_control]: Target reached within 0.13 m
[INFO] [1772634898.232995383] [px4_1.offboard_control]: Received mission setpoint (5.00, 0.00, -5.00) yaw=2.98
[INFO] [1772634898.304719579] [px4_1.offboard_control]: Target reached within 0.21 m
[INFO] [1772634898.432856123] [px4_1.offboard_control]: Received mission setpoint (5.00, 0.00, -5.00) yaw=2.88
[INFO] [1772634898.504666293] [px4_1.offboard_control]: Target reached within 0.26 m
[INFO] [1772634898.633190936] [px4_1.offboard_control]: Received mission setpoint (5.00, 0.00, -5.00) yaw=2.81
[INFO] [1772634898.704531105] [px4_1.offboard_control]: Target reached within 0.28 m
[INFO] [1772634899.776076557] [px4_1.offboard_control]: Received mission setpoint (5.00, 0.00, -5.00) yaw=2.79
[INFO] [1772634899.804485689] [px4_1.offboard_control]: Target reached within 0.28 m
[INFO] [1772634899.832911916] [px4_1.offboard_control]: Received mission setpoint (5.00, 0.00, -5.00) yaw=2.70
[INFO] [1772634899.904463082] [px4_1.offboard_control]: Target reached within 0.25 m
[INFO] [1772634900.032833981] [px4_1.offboard_control]: Received mission setpoint (5.00, 0.00, -5.00) yaw=2.60
[INFO] [1772634900.104370897] [px4_1.offboard_control]: Target reached within 0.22 m
[INFO] [1772634900.233095966] [px4_1.offboard_control]: Received mission setpoint (5.00, 0.00, -5.00) yaw=2.54
[INFO] [1772634900.304493169] [px4_1.offboard_control]: Target reached within 0.18 m
[INFO] [1772634900.433612346] [px4_1.offboard_control]: Received mission setpoint (5.00, 0.00, -5.00) yaw=2.49
[INFO] [1772634900.504459239] [px4_1.offboard_control]: Target reached within 0.15 m
[INFO] [1772634900.633079256] [px4_1.offboard_control]: Received mission setpoint (5.00, 0.00, -5.00) yaw=2.44
[INFO] [1772634900.704610622] [px4_1.offboard_control]: Target reached within 0.12 m
[INFO] [1772634900.833574224] [px4_1.offboard_control]: Received mission setpoint (5.00, 0.00, -5.00) yaw=2.40
[INFO] [1772634900.904474215] [px4_1.offboard_control]: Target reached within 0.09 m
[INFO] [1772634901.033094439] [px4_1.offboard_control]: Received mission setpoint (5.00, 0.00, -5.00) yaw=2.33
[INFO] [1772634901.104459798] [px4_1.offboard_control]: Target reached within 0.07 m
[INFO] [1772634901.233346155] [px4_1.offboard_control]: Received mission setpoint (5.00, 0.00, -5.00) yaw=2.38
[INFO] [1772634901.304719896] [px4_1.offboard_control]: Target reached within 0.05 m
[INFO] [1772634901.433353255] [px4_1.offboard_control]: Received mission setpoint (5.00, 0.00, -5.00) yaw=2.42
[INFO] [1772634901.504653676] [px4_1.offboard_control]: Target reached within 0.03 m
[INFO] [1772634901.632920551] [px4_1.offboard_control]: Received mission setpoint (5.00, 0.00, -5.00) yaw=2.43
[INFO] [1772634901.704383805] [px4_1.offboard_control]: Target reached within 0.01 m
[INFO] [1772634901.832926592] [px4_1.offboard_control]: Received mission setpoint (5.00, 0.00, -5.00) yaw=1.89
[INFO] [1772634901.904553642] [px4_1.offboard_control]: Target reached within 0.01 m
[INFO] [1772634902.032937246] [px4_1.offboard_control]: Received mission setpoint (5.00, 0.00, -5.00) yaw=-0.28
[INFO] [1772634902.104442187] [px4_1.offboard_control]: Target reached within 0.02 m
[INFO] [1772634902.232901718] [px4_1.offboard_control]: Received mission setpoint (5.00, 0.00, -5.00) yaw=-0.47
[INFO] [1772634902.304445303] [px4_1.offboard_control]: Target reached within 0.03 m
[INFO] [1772634902.433054623] [px4_1.offboard_control]: Received mission setpoint (5.00, 0.00, -5.00) yaw=-0.87
[INFO] [1772634902.504546684] [px4_1.offboard_control]: Target reached within 0.04 m
[INFO] [1772634902.633009758] [px4_1.offboard_control]: Received mission setpoint (5.00, 0.00, -5.00) yaw=-1.16
[INFO] [1772634902.704502175] [px4_1.offboard_control]: Target reached within 0.04 m
[INFO] [1772634902.833048111] [px4_1.offboard_control]: Received mission setpoint (5.00, 0.00, -5.00) yaw=-1.23
[INFO] [1772634902.905397043] [px4_1.offboard_control]: Target reached within 0.04 m
[INFO] [1772634903.033079063] [px4_1.offboard_control]: Received mission setpoint (5.00, 0.00, -5.00) yaw=-1.24
[INFO] [1772634903.104709158] [px4_1.offboard_control]: Target reached within 0.04 m
[INFO] [1772634903.233083710] [px4_1.offboard_control]: Received mission setpoint (5.00, 0.00, -5.00) yaw=-1.28
[INFO] [1772634903.304794518] [px4_1.offboard_control]: Target reached within 0.05 m
[INFO] [1772634903.433314453] [px4_1.offboard_control]: Received mission setpoint (5.00, 0.00, -5.00) yaw=-1.43
[INFO] [1772634903.504620697] [px4_1.offboard_control]: Target reached within 0.06 m
[INFO] [1772634903.633374425] [px4_1.offboard_control]: Received mission setpoint (5.00, 0.00, -5.00) yaw=-1.55
[INFO] [1772634903.704653795] [px4_1.offboard_control]: Target reached within 0.06 m
[INFO] [1772634903.832926172] [px4_1.offboard_control]: Received mission setpoint (5.00, 0.00, -5.00) yaw=-1.65
[INFO] [1772634903.904614736] [px4_1.offboard_control]: Target reached within 0.06 m
[INFO] [1772634904.033132760] [px4_1.offboard_control]: Received mission setpoint (5.00, 0.00, -5.00) yaw=-1.58
[INFO] [1772634904.104814551] [px4_1.offboard_control]: Target reached within 0.06 m
[INFO] [1772634904.233277706] [px4_1.offboard_control]: Received mission setpoint (5.00, 0.00, -5.00) yaw=-1.53
[INFO] [1772634904.304686582] [px4_1.offboard_control]: Target reached within 0.06 m
[INFO] [1772634904.433146722] [px4_1.offboard_control]: Received mission setpoint (5.00, 0.00, -5.00) yaw=-1.45
[INFO] [1772634904.504515298] [px4_1.offboard_control]: Target reached within 0.05 m
[INFO] [1772634904.632962813] [px4_1.offboard_control]: Received mission setpoint (5.00, 0.00, -5.00) yaw=-1.42
[INFO] [1772634904.704594073] [px4_1.offboard_control]: Target reached within 0.04 m
[INFO] [1772634904.833206089] [px4_1.offboard_control]: Received mission setpoint (5.00, 0.00, -5.00) yaw=-1.36
[INFO] [1772634904.905112669] [px4_1.offboard_control]: Target reached within 0.04 m
[INFO] [1772634905.033138040] [px4_1.offboard_control]: Received mission setpoint (5.00, 0.00, -5.00) yaw=-1.30
[INFO] [1772634905.104549565] [px4_1.offboard_control]: Target reached within 0.03 m
[INFO] [1772634905.233007056] [px4_1.offboard_control]: Received mission setpoint (5.00, 0.00, -5.00) yaw=-1.12
[INFO] [1772634905.304573499] [px4_1.offboard_control]: Target reached within 0.03 m
[INFO] [1772634905.433268120] [px4_1.offboard_control]: Received mission setpoint (5.00, 0.00, -5.00) yaw=-0.87
[INFO] [1772634905.504664506] [px4_1.offboard_control]: Target reached within 0.02 m
[INFO] [1772634905.633066568] [px4_1.offboard_control]: Received mission setpoint (5.00, 0.00, -5.00) yaw=-0.54
[INFO] [1772634905.704684562] [px4_1.offboard_control]: Target reached within 0.01 m
[INFO] [1772634905.832907253] [px4_1.offboard_control]: Received mission setpoint (5.00, 0.00, -5.00) yaw=-0.05
[INFO] [1772634905.904565295] [px4_1.offboard_control]: Target reached within 0.01 m
[INFO] [1772634906.033354154] [px4_1.offboard_control]: Received mission setpoint (5.00, 0.00, -5.00) yaw=0.83
[INFO] [1772634906.104846181] [px4_1.offboard_control]: Target reached within 0.02 m
[INFO] [1772634906.233139611] [px4_1.offboard_control]: Received mission setpoint (5.00, 0.00, -5.00) yaw=1.22
[INFO] [1772634906.304575603] [px4_1.offboard_control]: Target reached within 0.02 m
[INFO] [1772634906.433054894] [px4_1.offboard_control]: Received mission setpoint (5.00, 0.00, -5.00) yaw=1.24
[INFO] [1772634906.504609527] [px4_1.offboard_control]: Target reached within 0.02 m
[INFO] [1772634906.632987802] [px4_1.offboard_control]: Received mission setpoint (5.00, 0.00, -5.00) yaw=1.37
[INFO] [1772634906.704607570] [px4_1.offboard_control]: Target reached within 0.02 m
[INFO] [1772634906.832902522] [px4_1.offboard_control]: Received mission setpoint (5.00, 0.00, -5.00) yaw=1.60
[INFO] [1772634906.904540808] [px4_1.offboard_control]: Target reached within 0.03 m
[INFO] [1772634907.032931685] [px4_1.offboard_control]: Received mission setpoint (5.00, 0.00, -5.00) yaw=1.86
[INFO] [1772634907.104543008] [px4_1.offboard_control]: Target reached within 0.04 m
[INFO] [1772634907.233082290] [px4_1.offboard_control]: Received mission setpoint (5.00, 0.00, -5.00) yaw=2.02
[INFO] [1772634907.304646197] [px4_1.offboard_control]: Target reached within 0.04 m
[INFO] [1772634907.433043996] [px4_1.offboard_control]: Received mission setpoint (5.00, 0.00, -5.00) yaw=2.06
[INFO] [1772634907.504439890] [px4_1.offboard_control]: Target reached within 0.04 m
[INFO] [1772634907.633124559] [px4_1.offboard_control]: Received mission setpoint (5.00, 0.00, -5.00) yaw=1.99
[INFO] [1772634907.704416627] [px4_1.offboard_control]: Target reached within 0.04 m
[INFO] [1772634907.833266004] [px4_1.offboard_control]: Received mission setpoint (5.00, 0.00, -5.00) yaw=1.98
[INFO] [1772634907.904496091] [px4_1.offboard_control]: Target reached within 0.04 m
[INFO] [1772634908.032908682] [px4_1.offboard_control]: Received mission setpoint (5.00, 0.00, -5.00) yaw=2.09
[INFO] [1772634908.104388225] [px4_1.offboard_control]: Target reached within 0.04 m
[INFO] [1772634908.233366425] [px4_1.offboard_control]: Received mission setpoint (5.00, 0.00, -5.00) yaw=2.21
[INFO] [1772634908.304464514] [px4_1.offboard_control]: Target reached within 0.03 m
[INFO] [1772634908.432833908] [px4_1.offboard_control]: Received mission setpoint (5.00, 0.00, -5.00) yaw=2.19
[INFO] [1772634908.504766468] [px4_1.offboard_control]: Target reached within 0.03 m
[INFO] [1772634908.633096853] [px4_1.offboard_control]: Received mission setpoint (5.00, 0.00, -5.00) yaw=2.09
[INFO] [1772634908.704557484] [px4_1.offboard_control]: Target reached within 0.02 m
[INFO] [1772634908.833313930] [px4_1.offboard_control]: Received mission setpoint (5.00, 0.00, -5.00) yaw=1.78
[INFO] [1772634908.904805414] [px4_1.offboard_control]: Target reached within 0.02 m
[INFO] [1772634909.033333423] [px4_1.offboard_control]: Received mission setpoint (5.00, 0.00, -5.00) yaw=1.59
[INFO] [1772634909.104543437] [px4_1.offboard_control]: Target reached within 0.02 m
[INFO] [1772634909.233056543] [px4_1.offboard_control]: Received mission setpoint (5.00, 0.00, -5.00) yaw=0.80
[INFO] [1772634909.304480016] [px4_1.offboard_control]: Target reached within 0.01 m
[INFO] [1772634909.433301052] [px4_1.offboard_control]: Received mission setpoint (5.00, 0.00, -5.00) yaw=0.18
[INFO] [1772634909.504599726] [px4_1.offboard_control]: Target reached within 0.02 m
[INFO] [1772634909.632982858] [px4_1.offboard_control]: Received mission setpoint (5.00, 0.00, -5.00) yaw=0.04
[INFO] [1772634909.704866256] [px4_1.offboard_control]: Target reached within 0.01 m
[INFO] [1772634909.833503829] [px4_1.offboard_control]: Received mission setpoint (5.00, 0.00, -5.00) yaw=-0.23
[INFO] [1772634909.904492491] [px4_1.offboard_control]: Target reached within 0.01 m
[INFO] [1772634910.033254608] [px4_1.offboard_control]: Received mission setpoint (5.00, 0.00, -5.00) yaw=-0.46
[INFO] [1772634910.104513656] [px4_1.offboard_control]: Target reached within 0.01 m
[INFO] [1772634910.233412828] [px4_1.offboard_control]: Received mission setpoint (5.00, 0.00, -5.00) yaw=-0.73
[INFO] [1772634910.304482094] [px4_1.offboard_control]: Target reached within 0.01 m
[INFO] [1772634910.433698440] [px4_1.offboard_control]: Received mission setpoint (5.00, 0.00, -5.00) yaw=-0.55
[INFO] [1772634910.504398513] [px4_1.offboard_control]: Target reached within 0.02 m
[INFO] [1772634910.633224133] [px4_1.offboard_control]: Received mission setpoint (5.00, 0.00, -5.00) yaw=-0.45
[INFO] [1772634910.704468573] [px4_1.offboard_control]: Target reached within 0.02 m
[INFO] [1772634910.832994691] [px4_1.offboard_control]: Received mission setpoint (5.00, 0.00, -5.00) yaw=-0.61
[INFO] [1772634910.904729698] [px4_1.offboard_control]: Target reached within 0.02 m
[INFO] [1772634911.033053909] [px4_1.offboard_control]: Received mission setpoint (5.00, 0.00, -5.00) yaw=-0.91
[INFO] [1772634911.104506475] [px4_1.offboard_control]: Target reached within 0.02 m
[INFO] [1772634911.233254888] [px4_1.offboard_control]: Received mission setpoint (5.00, 0.00, -5.00) yaw=-0.97
[INFO] [1772634911.304405693] [px4_1.offboard_control]: Target reached within 0.02 m
[INFO] [1772634911.433266238] [px4_1.offboard_control]: Received mission setpoint (5.00, 0.00, -5.00) yaw=-0.61
[INFO] [1772634911.504470028] [px4_1.offboard_control]: Target reached within 0.01 m
[INFO] [1772634911.633010266] [px4_1.offboard_control]: Received mission setpoint (5.00, 0.00, -5.00) yaw=-0.31
[INFO] [1772634911.704338835] [px4_1.offboard_control]: Target reached within 0.02 m
[INFO] [1772634911.832987778] [px4_1.offboard_control]: Received mission setpoint (5.00, 0.00, -5.00) yaw=-0.30
[INFO] [1772634911.904621340] [px4_1.offboard_control]: Target reached within 0.01 m
[INFO] [1772634912.033057836] [px4_1.offboard_control]: Received mission setpoint (5.00, 0.00, -5.00) yaw=-0.36
[INFO] [1772634912.104526775] [px4_1.offboard_control]: Target reached within 0.01 m
[INFO] [1772634912.233289161] [px4_1.offboard_control]: Received mission setpoint (5.00, 0.00, -5.00) yaw=-0.09
[INFO] [1772634912.304568765] [px4_1.offboard_control]: Target reached within 0.01 m
[INFO] [1772634912.433065456] [px4_1.offboard_control]: Received mission setpoint (5.00, 0.00, -5.00) yaw=0.62
[INFO] [1772634912.504576372] [px4_1.offboard_control]: Target reached within 0.01 m
[INFO] [1772634912.633142628] [px4_1.offboard_control]: Received mission setpoint (5.00, 0.00, -5.00) yaw=1.18
[INFO] [1772634912.704524033] [px4_1.offboard_control]: Target reached within 0.01 m
[INFO] [1772634912.833347523] [px4_1.offboard_control]: Received mission setpoint (5.00, 0.00, -5.00) yaw=-0.07
[INFO] [1772634912.904656710] [px4_1.offboard_control]: Target reached within 0.00 m
[INFO] [1772634913.033104273] [px4_1.offboard_control]: Received mission setpoint (5.00, 0.00, -5.00) yaw=-1.56
[INFO] [1772634913.104802397] [px4_1.offboard_control]: Target reached within 0.01 m
[INFO] [1772634913.233247250] [px4_1.offboard_control]: Received mission setpoint (5.00, 0.00, -5.00) yaw=-1.80
[INFO] [1772634913.304555567] [px4_1.offboard_control]: Target reached within 0.02 m
[INFO] [1772634913.433245825] [px4_1.offboard_control]: Received mission setpoint (5.00, 0.00, -5.00) yaw=-2.52
[INFO] [1772634913.504704715] [px4_1.offboard_control]: Target reached within 0.03 m
[INFO] [1772634913.633208806] [px4_1.offboard_control]: Received mission setpoint (5.00, 0.00, -5.00) yaw=-2.68
[INFO] [1772634913.704645968] [px4_1.offboard_control]: Target reached within 0.03 m
[INFO] [1772634913.833482870] [px4_1.offboard_control]: Received mission setpoint (5.00, 0.00, -5.00) yaw=-2.76
[INFO] [1772634913.904660351] [px4_1.offboard_control]: Target reached within 0.02 m
[INFO] [1772634914.033143987] [px4_1.offboard_control]: Received mission setpoint (5.00, 0.00, -5.00) yaw=-2.18
[INFO] [1772634914.104526920] [px4_1.offboard_control]: Target reached within 0.02 m
[INFO] [1772634914.232972176] [px4_1.offboard_control]: Received mission setpoint (5.00, 0.00, -5.00) yaw=-1.85
[INFO] [1772634914.304424989] [px4_1.offboard_control]: Target reached within 0.02 m
[INFO] [1772634914.432973020] [px4_1.offboard_control]: Received mission setpoint (5.00, 0.00, -5.00) yaw=-1.82
[INFO] [1772634914.504469930] [px4_1.offboard_control]: Target reached within 0.01 m
[INFO] [1772634914.633045796] [px4_1.offboard_control]: Received mission setpoint (5.00, 0.00, -5.00) yaw=-3.01
[INFO] [1772634914.704372568] [px4_1.offboard_control]: Target reached within 0.01 m
[INFO] [1772634914.833622899] [px4_1.offboard_control]: Received mission setpoint (5.00, 0.00, -5.00) yaw=2.72
[INFO] [1772634914.904446389] [px4_1.offboard_control]: Target reached within 0.01 m
[INFO] [1772634915.033681901] [px4_1.offboard_control]: Received mission setpoint (5.00, 0.00, -5.00) yaw=2.00
[INFO] [1772634915.104422607] [px4_1.offboard_control]: Target reached within 0.00 m
[INFO] [1772634915.233373664] [px4_1.offboard_control]: Received mission setpoint (5.00, 0.00, -5.00) yaw=-0.40
[INFO] [1772634915.304432657] [px4_1.offboard_control]: Target reached within 0.02 m
[INFO] [1772634915.432889580] [px4_1.offboard_control]: Received mission setpoint (5.00, 0.00, -5.00) yaw=-0.60
[INFO] [1772634915.504483644] [px4_1.offboard_control]: Target reached within 0.03 m
[INFO] [1772634915.633221443] [px4_1.offboard_control]: Received mission setpoint (5.00, 0.00, -5.00) yaw=-0.76
[INFO] [1772634915.704426549] [px4_1.offboard_control]: Target reached within 0.05 m
[INFO] [1772634915.833410354] [px4_1.offboard_control]: Received mission setpoint (5.00, 0.00, -5.00) yaw=-0.54
[INFO] [1772634915.904362727] [px4_1.offboard_control]: Target reached within 0.05 m
[INFO] [1772634916.032773413] [px4_1.offboard_control]: Received mission setpoint (5.00, 0.00, -5.00) yaw=-0.36
[INFO] [1772634916.104377549] [px4_1.offboard_control]: Target reached within 0.05 m
[INFO] [1772634916.233115284] [px4_1.offboard_control]: Received mission setpoint (5.00, 0.00, -5.00) yaw=-0.24
[INFO] [1772634916.304507627] [px4_1.offboard_control]: Target reached within 0.04 m
[INFO] [1772634916.432906036] [px4_1.offboard_control]: Received mission setpoint (5.00, 0.00, -5.00) yaw=-0.32
[INFO] [1772634916.504481571] [px4_1.offboard_control]: Target reached within 0.03 m
[INFO] [1772634916.633081414] [px4_1.offboard_control]: Received mission setpoint (5.00, 0.00, -5.00) yaw=-0.36
[INFO] [1772634916.704553904] [px4_1.offboard_control]: Target reached within 0.02 m
[INFO] [1772634916.832904430] [px4_1.offboard_control]: Received mission setpoint (5.00, 0.00, -5.00) yaw=-0.45
[INFO] [1772634916.904360602] [px4_1.offboard_control]: Target reached within 0.02 m
[INFO] [1772634917.032862437] [px4_1.offboard_control]: Received mission setpoint (5.00, 0.00, -5.00) yaw=0.03
[INFO] [1772634917.104481602] [px4_1.offboard_control]: Target reached within 0.01 m
[INFO] [1772634917.232962542] [px4_1.offboard_control]: Received mission setpoint (5.00, 0.00, -5.00) yaw=0.24
[INFO] [1772634917.304736767] [px4_1.offboard_control]: Target reached within 0.01 m
[INFO] [1772634917.433027012] [px4_1.offboard_control]: Received mission setpoint (5.00, 0.00, -5.00) yaw=0.20
[INFO] [1772634917.504489301] [px4_1.offboard_control]: Target reached within 0.01 m
[INFO] [1772634917.632813382] [px4_1.offboard_control]: Received mission setpoint (5.00, 0.00, -5.00) yaw=-1.03
[INFO] [1772634917.704449324] [px4_1.offboard_control]: Target reached within 0.01 m
[INFO] [1772634917.833137998] [px4_1.offboard_control]: Received mission setpoint (5.00, 0.00, -5.00) yaw=-1.53
[INFO] [1772634917.904464805] [px4_1.offboard_control]: Target reached within 0.01 m
[INFO] [1772634918.032834893] [px4_1.offboard_control]: Received mission setpoint (5.00, 0.00, -5.00) yaw=-2.39
[INFO] [1772634918.104768961] [px4_1.offboard_control]: Target reached within 0.01 m
[INFO] [1772634918.233222167] [px4_1.offboard_control]: Received mission setpoint (5.00, 0.00, -5.00) yaw=2.86
[INFO] [1772634918.304633001] [px4_1.offboard_control]: Target reached within 0.02 m
[INFO] [1772634918.432884333] [px4_1.offboard_control]: Received mission setpoint (5.00, 0.00, -5.00) yaw=3.10
[INFO] [1772634918.504629067] [px4_1.offboard_control]: Target reached within 0.03 m
[INFO] [1772634918.632814965] [px4_1.offboard_control]: Received mission setpoint (5.00, 0.00, -5.00) yaw=-3.06
[INFO] [1772634918.704618744] [px4_1.offboard_control]: Target reached within 0.03 m
[INFO] [1772634918.833699532] [px4_1.offboard_control]: Received mission setpoint (5.00, 0.00, -5.00) yaw=-2.77
[INFO] [1772634918.904795007] [px4_1.offboard_control]: Target reached within 0.03 m
[INFO] [1772634919.033228750] [px4_1.offboard_control]: Received mission setpoint (5.00, 0.00, -5.00) yaw=-2.86
[INFO] [1772634919.104445697] [px4_1.offboard_control]: Target reached within 0.04 m
[INFO] [1772634919.232869239] [px4_1.offboard_control]: Received mission setpoint (5.00, 0.00, -5.00) yaw=-2.98
[INFO] [1772634919.304636872] [px4_1.offboard_control]: Target reached within 0.04 m
[INFO] [1772634919.433548260] [px4_1.offboard_control]: Received mission setpoint (5.00, 0.00, -5.00) yaw=-3.12
[INFO] [1772634919.504587787] [px4_1.offboard_control]: Target reached within 0.04 m
[INFO] [1772634919.632911072] [px4_1.offboard_control]: Received mission setpoint (5.00, 0.00, -5.00) yaw=-3.00
[INFO] [1772634919.704522011] [px4_1.offboard_control]: Target reached within 0.04 m
[INFO] [1772634919.833200413] [px4_1.offboard_control]: Received mission setpoint (5.00, 0.00, -5.00) yaw=-2.82
[INFO] [1772634919.904578730] [px4_1.offboard_control]: Target reached within 0.05 m
[INFO] [1772634920.033134678] [px4_1.offboard_control]: Received mission setpoint (5.00, 0.00, -5.00) yaw=-2.77
[INFO] [1772634920.104624301] [px4_1.offboard_control]: Target reached within 0.06 m
[INFO] [1772634920.232991891] [px4_1.offboard_control]: Received mission setpoint (5.00, 0.00, -5.00) yaw=-2.78
[INFO] [1772634920.304652792] [px4_1.offboard_control]: Target reached within 0.06 m
[INFO] [1772634920.434235383] [px4_1.offboard_control]: Received mission setpoint (5.00, 0.00, -5.00) yaw=-2.77
[INFO] [1772634920.504689901] [px4_1.offboard_control]: Target reached within 0.06 m
[INFO] [1772634920.633393339] [px4_1.offboard_control]: Received mission setpoint (5.00, 0.00, -5.00) yaw=-2.70
[INFO] [1772634920.704886636] [px4_1.offboard_control]: Target reached within 0.06 m
[INFO] [1772634920.833246525] [px4_1.offboard_control]: Received mission setpoint (5.00, 0.00, -5.00) yaw=-2.63
[INFO] [1772634920.904717767] [px4_1.offboard_control]: Target reached within 0.06 m
[INFO] [1772634921.033454033] [px4_1.offboard_control]: Received mission setpoint (5.00, 0.00, -5.00) yaw=-2.55
[INFO] [1772634921.104676021] [px4_1.offboard_control]: Target reached within 0.06 m
[INFO] [1772634921.233117145] [px4_1.offboard_control]: Received mission setpoint (5.00, 0.00, -5.00) yaw=-2.57
[INFO] [1772634921.304586052] [px4_1.offboard_control]: Target reached within 0.06 m
[INFO] [1772634921.433003885] [px4_1.offboard_control]: Received mission setpoint (5.00, 0.00, -5.00) yaw=-2.55
[INFO] [1772634921.504482054] [px4_1.offboard_control]: Target reached within 0.06 m
[INFO] [1772634921.633182422] [px4_1.offboard_control]: Received mission setpoint (5.00, 0.00, -5.00) yaw=-2.56
[INFO] [1772634921.704585536] [px4_1.offboard_control]: Target reached within 0.06 m
[INFO] [1772634921.833570049] [px4_1.offboard_control]: Received mission setpoint (5.00, 0.00, -5.00) yaw=-2.53
[INFO] [1772634921.904656484] [px4_1.offboard_control]: Target reached within 0.06 m
[INFO] [1772634922.033960430] [px4_1.offboard_control]: Received mission setpoint (5.00, 0.00, -5.00) yaw=-2.57
[INFO] [1772634922.104497398] [px4_1.offboard_control]: Target reached within 0.06 m
[INFO] [1772634922.233292754] [px4_1.offboard_control]: Received mission setpoint (5.00, 0.00, -5.00) yaw=-2.57
[INFO] [1772634922.304535149] [px4_1.offboard_control]: Target reached within 0.06 m
[INFO] [1772634922.433369101] [px4_1.offboard_control]: Received mission setpoint (5.00, 0.00, -5.00) yaw=-2.61
[INFO] [1772634922.504630638] [px4_1.offboard_control]: Target reached within 0.06 m
[INFO] [1772634922.633756660] [px4_1.offboard_control]: Received mission setpoint (5.00, 0.00, -5.00) yaw=-2.60
[INFO] [1772634922.704650109] [px4_1.offboard_control]: Target reached within 0.06 m
[INFO] [1772634922.833553821] [px4_1.offboard_control]: Received mission setpoint (5.00, 0.00, -5.00) yaw=-2.60
[INFO] [1772634922.904496419] [px4_1.offboard_control]: Target reached within 0.06 m
[INFO] [1772634923.033372557] [px4_1.offboard_control]: Received mission setpoint (5.00, 0.00, -5.00) yaw=-2.57
[INFO] [1772634923.104593280] [px4_1.offboard_control]: Target reached within 0.05 m
[INFO] [1772634923.233638383] [px4_1.offboard_control]: Received mission setpoint (5.00, 0.00, -5.00) yaw=-2.65
[INFO] [1772634923.304616854] [px4_1.offboard_control]: Target reached within 0.05 m
[INFO] [1772634923.433487703] [px4_1.offboard_control]: Received mission setpoint (5.00, 0.00, -5.00) yaw=-2.68
[INFO] [1772634923.504561928] [px4_1.offboard_control]: Target reached within 0.05 m
[INFO] [1772634923.633669422] [px4_1.offboard_control]: Received mission setpoint (5.00, 0.00, -5.00) yaw=-2.80
[INFO] [1772634923.704594882] [px4_1.offboard_control]: Target reached within 0.05 m
[INFO] [1772634923.833666642] [px4_1.offboard_control]: Received mission setpoint (5.00, 0.00, -5.00) yaw=-2.83
[INFO] [1772634923.904531567] [px4_1.offboard_control]: Target reached within 0.05 m
[INFO] [1772634924.033190001] [px4_1.offboard_control]: Received mission setpoint (5.00, 0.00, -5.00) yaw=-2.97
[INFO] [1772634924.104612398] [px4_1.offboard_control]: Target reached within 0.06 m
[INFO] [1772634924.233311140] [px4_1.offboard_control]: Received mission setpoint (5.00, 0.00, -5.00) yaw=-3.03
[INFO] [1772634924.304446683] [px4_1.offboard_control]: Target reached within 0.06 m
[INFO] [1772634924.432915782] [px4_1.offboard_control]: Received mission setpoint (5.00, 0.00, -5.00) yaw=3.13
[INFO] [1772634924.504490273] [px4_1.offboard_control]: Target reached within 0.06 m
[INFO] [1772634924.633153415] [px4_1.offboard_control]: Received mission setpoint (5.00, 0.00, -5.00) yaw=3.06
[INFO] [1772634924.704825080] [px4_1.offboard_control]: Target reached within 0.06 m
[INFO] [1772634924.833515849] [px4_1.offboard_control]: Received mission setpoint (5.00, 0.00, -5.00) yaw=2.95
[INFO] [1772634924.904607242] [px4_1.offboard_control]: Target reached within 0.06 m
[INFO] [1772634925.032938867] [px4_1.offboard_control]: Received mission setpoint (5.00, 0.00, -5.00) yaw=2.88
[INFO] [1772634925.104609368] [px4_1.offboard_control]: Target reached within 0.06 m
[INFO] [1772634925.233104413] [px4_1.offboard_control]: Received mission setpoint (5.00, 0.00, -5.00) yaw=2.76
[INFO] [1772634925.304859067] [px4_1.offboard_control]: Target reached within 0.06 m
[INFO] [1772634925.433300614] [px4_1.offboard_control]: Received mission setpoint (5.00, 0.00, -5.00) yaw=2.68
[INFO] [1772634925.504597239] [px4_1.offboard_control]: Target reached within 0.06 m
[INFO] [1772634925.633599044] [px4_1.offboard_control]: Received mission setpoint (5.00, 0.00, -5.00) yaw=2.58
[INFO] [1772634925.704603053] [px4_1.offboard_control]: Target reached within 0.05 m
[INFO] [1772634925.833077866] [px4_1.offboard_control]: Received mission setpoint (5.00, 0.00, -5.00) yaw=2.51
[INFO] [1772634925.904591121] [px4_1.offboard_control]: Target reached within 0.04 m
[INFO] [1772634926.033237639] [px4_1.offboard_control]: Received mission setpoint (5.00, 0.00, -5.00) yaw=2.31
[INFO] [1772634926.104590205] [px4_1.offboard_control]: Target reached within 0.04 m
[INFO] [1772634926.233225542] [px4_1.offboard_control]: Received mission setpoint (5.00, 0.00, -5.00) yaw=2.09
[INFO] [1772634926.304643544] [px4_1.offboard_control]: Target reached within 0.03 m
[INFO] [1772634926.433095918] [px4_1.offboard_control]: Received mission setpoint (5.00, 0.00, -5.00) yaw=1.59
[INFO] [1772634926.504505500] [px4_1.offboard_control]: Target reached within 0.03 m
[INFO] [1772634926.633871052] [px4_1.offboard_control]: Received mission setpoint (5.00, 0.00, -5.00) yaw=1.22
[INFO] [1772634926.704492303] [px4_1.offboard_control]: Target reached within 0.03 m
[INFO] [1772634926.833034782] [px4_1.offboard_control]: Received mission setpoint (5.00, 0.00, -5.00) yaw=1.11
[INFO] [1772634926.904735947] [px4_1.offboard_control]: Target reached within 0.03 m
[INFO] [1772634927.034007319] [px4_1.offboard_control]: Received mission setpoint (5.00, 0.00, -5.00) yaw=1.00
[INFO] [1772634927.104573758] [px4_1.offboard_control]: Target reached within 0.03 m
[INFO] [1772634927.233279328] [px4_1.offboard_control]: Received mission setpoint (5.00, 0.00, -5.00) yaw=1.01
[INFO] [1772634927.304410094] [px4_1.offboard_control]: Target reached within 0.03 m
[INFO] [1772634927.433072514] [px4_1.offboard_control]: Received mission setpoint (5.00, 0.00, -5.00) yaw=0.87
[INFO] [1772634927.504615226] [px4_1.offboard_control]: Target reached within 0.04 m
[INFO] [1772634927.633796124] [px4_1.offboard_control]: Received mission setpoint (5.00, 0.00, -5.00) yaw=0.87
[INFO] [1772634927.704409878] [px4_1.offboard_control]: Target reached within 0.04 m
[INFO] [1772634927.832977288] [px4_1.offboard_control]: Received mission setpoint (5.00, 0.00, -5.00) yaw=0.81
[INFO] [1772634927.904503188] [px4_1.offboard_control]: Target reached within 0.04 m
[INFO] [1772634928.033016084] [px4_1.offboard_control]: Received mission setpoint (5.00, 0.00, -5.00) yaw=0.93
[INFO] [1772634928.104537560] [px4_1.offboard_control]: Target reached within 0.04 m
[INFO] [1772634928.233651023] [px4_1.offboard_control]: Received mission setpoint (5.00, 0.00, -5.00) yaw=0.97
[INFO] [1772634928.304503724] [px4_1.offboard_control]: Target reached within 0.04 m
[INFO] [1772634928.433149049] [px4_1.offboard_control]: Received mission setpoint (5.00, 0.00, -5.00) yaw=1.07
[INFO] [1772634928.504533859] [px4_1.offboard_control]: Target reached within 0.04 m
[INFO] [1772634928.633134706] [px4_1.offboard_control]: Received mission setpoint (5.00, 0.00, -5.00) yaw=1.07
[INFO] [1772634928.704466718] [px4_1.offboard_control]: Target reached within 0.04 m
[INFO] [1772634928.833193097] [px4_1.offboard_control]: Received mission setpoint (5.00, 0.00, -5.00) yaw=1.12
[INFO] [1772634928.904401336] [px4_1.offboard_control]: Target reached within 0.05 m
[INFO] [1772634929.032827649] [px4_1.offboard_control]: Received mission setpoint (5.00, 0.00, -5.00) yaw=1.15
[INFO] [1772634929.104420325] [px4_1.offboard_control]: Target reached within 0.05 m
[INFO] [1772634929.232846900] [px4_1.offboard_control]: Received mission setpoint (5.00, 0.00, -5.00) yaw=1.19
[INFO] [1772634929.304501981] [px4_1.offboard_control]: Target reached within 0.05 m
[INFO] [1772634929.433717554] [px4_1.offboard_control]: Received mission setpoint (5.00, 0.00, -5.00) yaw=1.22
[INFO] [1772634929.504565946] [px4_1.offboard_control]: Target reached within 0.05 m
[INFO] [1772634929.632933390] [px4_1.offboard_control]: Received mission setpoint (5.00, 0.00, -5.00) yaw=1.25
[INFO] [1772634929.704643586] [px4_1.offboard_control]: Target reached within 0.05 m
[INFO] [1772634929.833569438] [px4_1.offboard_control]: Received mission setpoint (5.00, 0.00, -5.00) yaw=1.27
[INFO] [1772634929.904880644] [px4_1.offboard_control]: Target reached within 0.05 m
[INFO] [1772634930.033058177] [px4_1.offboard_control]: Received mission setpoint (5.00, 0.00, -5.00) yaw=1.26
[INFO] [1772634930.104460549] [px4_1.offboard_control]: Target reached within 0.05 m
[INFO] [1772634930.232835547] [px4_1.offboard_control]: Received mission setpoint (5.00, 0.00, -5.00) yaw=1.25
[INFO] [1772634930.304609250] [px4_1.offboard_control]: Target reached within 0.05 m
[INFO] [1772634930.433659471] [px4_1.offboard_control]: Received mission setpoint (5.00, 0.00, -5.00) yaw=1.18
[INFO] [1772634930.504687232] [px4_1.offboard_control]: Target reached within 0.06 m
[INFO] [1772634930.633648766] [px4_1.offboard_control]: Received mission setpoint (5.00, 0.00, -5.00) yaw=1.15
[INFO] [1772634930.704998250] [px4_1.offboard_control]: Target reached within 0.06 m
[INFO] [1772634930.833236875] [px4_1.offboard_control]: Received mission setpoint (5.00, 0.00, -5.00) yaw=1.12
[INFO] [1772634930.905446428] [px4_1.offboard_control]: Target reached within 0.06 m
[INFO] [1772634931.033902101] [px4_1.offboard_control]: Received mission setpoint (5.00, 0.00, -5.00) yaw=1.10
[INFO] [1772634931.104845804] [px4_1.offboard_control]: Target reached within 0.06 m
[INFO] [1772634931.233132476] [px4_1.offboard_control]: Received mission setpoint (5.00, 0.00, -5.00) yaw=1.10
[INFO] [1772634931.304580433] [px4_1.offboard_control]: Target reached within 0.06 m
[INFO] [1772634931.433103734] [px4_1.offboard_control]: Received mission setpoint (5.00, 0.00, -5.00) yaw=1.09
[INFO] [1772634931.504878023] [px4_1.offboard_control]: Target reached within 0.06 m
[INFO] [1772634931.633520247] [px4_1.offboard_control]: Received mission setpoint (5.00, 0.00, -5.00) yaw=1.10
[INFO] [1772634931.704972663] [px4_1.offboard_control]: Target reached within 0.06 m
[INFO] [1772634931.833070611] [px4_1.offboard_control]: Received mission setpoint (5.00, 0.00, -5.00) yaw=1.11
[INFO] [1772634931.904950544] [px4_1.offboard_control]: Target reached within 0.05 m
[INFO] [1772634932.033126448] [px4_1.offboard_control]: Received mission setpoint (5.00, 0.00, -5.00) yaw=1.18
[INFO] [1772634932.104573614] [px4_1.offboard_control]: Target reached within 0.05 m
[INFO] [1772634932.233145580] [px4_1.offboard_control]: Received mission setpoint (5.00, 0.00, -5.00) yaw=1.24
[INFO] [1772634932.305017022] [px4_1.offboard_control]: Target reached within 0.04 m
[INFO] [1772634932.433529263] [px4_1.offboard_control]: Received mission setpoint (5.00, 0.00, -5.00) yaw=1.19
[INFO] [1772634932.504631462] [px4_1.offboard_control]: Target reached within 0.04 m
[INFO] [1772634932.633365516] [px4_1.offboard_control]: Received mission setpoint (5.00, 0.00, -5.00) yaw=1.13
[INFO] [1772634932.704723006] [px4_1.offboard_control]: Target reached within 0.03 m
[INFO] [1772634932.833376689] [px4_1.offboard_control]: Received mission setpoint (5.00, 0.00, -5.00) yaw=1.05
[INFO] [1772634932.904835521] [px4_1.offboard_control]: Target reached within 0.03 m
[INFO] [1772634933.033003240] [px4_1.offboard_control]: Received mission setpoint (5.00, 0.00, -5.00) yaw=1.07
[INFO] [1772634933.104845782] [px4_1.offboard_control]: Target reached within 0.02 m
[INFO] [1772634933.233213305] [px4_1.offboard_control]: Received mission setpoint (5.00, 0.00, -5.00) yaw=1.19
[INFO] [1772634933.304569499] [px4_1.offboard_control]: Target reached within 0.02 m
[INFO] [1772634933.434555104] [px4_1.offboard_control]: Received mission setpoint (5.00, 0.00, -5.00) yaw=1.31
[INFO] [1772634933.504585906] [px4_1.offboard_control]: Target reached within 0.02 m
[INFO] [1772634933.633473792] [px4_1.offboard_control]: Received mission setpoint (5.00, 0.00, -5.00) yaw=1.03
[INFO] [1772634933.705160504] [px4_1.offboard_control]: Target reached within 0.01 m
[INFO] [1772634933.833274976] [px4_1.offboard_control]: Received mission setpoint (5.00, 0.00, -5.00) yaw=0.58
[INFO] [1772634933.904905248] [px4_1.offboard_control]: Target reached within 0.01 m
[INFO] [1772634934.033438490] [px4_1.offboard_control]: Received mission setpoint (5.00, 0.00, -5.00) yaw=-0.51
[INFO] [1772634934.104606853] [px4_1.offboard_control]: Target reached within 0.01 m
[INFO] [1772634934.233272435] [px4_1.offboard_control]: Received mission setpoint (5.00, 0.00, -5.00) yaw=-1.30
[INFO] [1772634934.304618726] [px4_1.offboard_control]: Target reached within 0.01 m
[INFO] [1772634934.433789361] [px4_1.offboard_control]: Received mission setpoint (5.00, 0.00, -5.00) yaw=-1.68
[INFO] [1772634934.504776996] [px4_1.offboard_control]: Target reached within 0.02 m
[INFO] [1772634934.633260381] [px4_1.offboard_control]: Received mission setpoint (5.00, 0.00, -5.00) yaw=-2.09
[INFO] [1772634934.704657711] [px4_1.offboard_control]: Target reached within 0.02 m
[INFO] [1772634934.833128219] [px4_1.offboard_control]: Received mission setpoint (5.00, 0.00, -5.00) yaw=-2.27
[INFO] [1772634934.904499197] [px4_1.offboard_control]: Target reached within 0.02 m
[INFO] [1772634935.033460911] [px4_1.offboard_control]: Received mission setpoint (5.00, 0.00, -5.00) yaw=-2.39
[INFO] [1772634935.104394527] [px4_1.offboard_control]: Target reached within 0.02 m
[INFO] [1772634935.233165613] [px4_1.offboard_control]: Received mission setpoint (5.00, 0.00, -5.00) yaw=-2.42
[INFO] [1772634935.304514820] [px4_1.offboard_control]: Target reached within 0.03 m
[INFO] [1772634935.434136383] [px4_1.offboard_control]: Received mission setpoint (5.00, 0.00, -5.00) yaw=-2.58
[INFO] [1772634935.504557036] [px4_1.offboard_control]: Target reached within 0.03 m
[INFO] [1772634935.633659216] [px4_1.offboard_control]: Received mission setpoint (5.00, 0.00, -5.00) yaw=-2.56
[INFO] [1772634935.704907954] [px4_1.offboard_control]: Target reached within 0.03 m
[INFO] [1772634935.833015470] [px4_1.offboard_control]: Received mission setpoint (5.00, 0.00, -5.00) yaw=-2.50
[INFO] [1772634935.904436406] [px4_1.offboard_control]: Target reached within 0.03 m
[INFO] [1772634936.033018988] [px4_1.offboard_control]: Received mission setpoint (5.00, 0.00, -5.00) yaw=-2.40
[INFO] [1772634936.104979915] [px4_1.offboard_control]: Target reached within 0.03 m
[INFO] [1772634936.233945073] [px4_1.offboard_control]: Received mission setpoint (5.00, 0.00, -5.00) yaw=-2.35
[INFO] [1772634936.304659151] [px4_1.offboard_control]: Target reached within 0.03 m
[INFO] [1772634936.433782879] [px4_1.offboard_control]: Received mission setpoint (5.00, 0.00, -5.00) yaw=-2.44
[INFO] [1772634936.504446864] [px4_1.offboard_control]: Target reached within 0.03 m
[INFO] [1772634936.633359650] [px4_1.offboard_control]: Received mission setpoint (5.00, 0.00, -5.00) yaw=-2.43
[INFO] [1772634936.704916087] [px4_1.offboard_control]: Target reached within 0.03 m
[INFO] [1772634936.833433834] [px4_1.offboard_control]: Received mission setpoint (5.00, 0.00, -5.00) yaw=-2.36
[INFO] [1772634936.904796869] [px4_1.offboard_control]: Target reached within 0.03 m
[INFO] [1772634937.033900867] [px4_1.offboard_control]: Received mission setpoint (5.00, 0.00, -5.00) yaw=-2.19
[INFO] [1772634937.104840845] [px4_1.offboard_control]: Target reached within 0.03 m
[INFO] [1772634937.233139368] [px4_1.offboard_control]: Received mission setpoint (5.00, 0.00, -5.00) yaw=-2.18
[INFO] [1772634937.304599796] [px4_1.offboard_control]: Target reached within 0.03 m
[INFO] [1772634937.433163696] [px4_1.offboard_control]: Received mission setpoint (5.00, 0.00, -5.00) yaw=-2.17
[INFO] [1772634937.504785920] [px4_1.offboard_control]: Target reached within 0.03 m
[INFO] [1772634937.633326604] [px4_1.offboard_control]: Received mission setpoint (5.00, 0.00, -5.00) yaw=-2.30
[INFO] [1772634937.704866472] [px4_1.offboard_control]: Target reached within 0.03 m
[INFO] [1772634937.833525544] [px4_1.offboard_control]: Received mission setpoint (5.00, 0.00, -5.00) yaw=-2.25
[INFO] [1772634937.904470559] [px4_1.offboard_control]: Target reached within 0.03 m
[INFO] [1772634938.033462698] [px4_1.offboard_control]: Received mission setpoint (5.00, 0.00, -5.00) yaw=-2.35
[INFO] [1772634938.104548426] [px4_1.offboard_control]: Target reached within 0.03 m
[INFO] [1772634938.233357506] [px4_1.offboard_control]: Received mission setpoint (5.00, 0.00, -5.00) yaw=-2.31
[INFO] [1772634938.304938599] [px4_1.offboard_control]: Target reached within 0.03 m
[INFO] [1772634938.433838476] [px4_1.offboard_control]: Received mission setpoint (5.00, 0.00, -5.00) yaw=-2.47
[INFO] [1772634938.504583212] [px4_1.offboard_control]: Target reached within 0.03 m
[INFO] [1772634938.634310437] [px4_1.offboard_control]: Received mission setpoint (5.00, 0.00, -5.00) yaw=-2.51
[INFO] [1772634938.704858688] [px4_1.offboard_control]: Target reached within 0.03 m
[INFO] [1772634938.833529995] [px4_1.offboard_control]: Received mission setpoint (5.00, 0.00, -5.00) yaw=-2.64
[INFO] [1772634938.904618428] [px4_1.offboard_control]: Target reached within 0.03 m
[INFO] [1772634939.033237288] [px4_1.offboard_control]: Received mission setpoint (5.00, 0.00, -5.00) yaw=-2.64
[INFO] [1772634939.105202598] [px4_1.offboard_control]: Target reached within 0.03 m
[INFO] [1772634939.233492193] [px4_1.offboard_control]: Received mission setpoint (5.00, 0.00, -5.00) yaw=-2.70
[INFO] [1772634939.304572595] [px4_1.offboard_control]: Target reached within 0.03 m
[INFO] [1772634939.433250235] [px4_1.offboard_control]: Received mission setpoint (5.00, 0.00, -5.00) yaw=-2.68
[INFO] [1772634939.504744526] [px4_1.offboard_control]: Target reached within 0.03 m
[INFO] [1772634939.633143077] [px4_1.offboard_control]: Received mission setpoint (5.00, 0.00, -5.00) yaw=-2.86
[INFO] [1772634939.704487559] [px4_1.offboard_control]: Target reached within 0.03 m
[INFO] [1772634939.833109509] [px4_1.offboard_control]: Received mission setpoint (5.00, 0.00, -5.00) yaw=-2.96
[INFO] [1772634939.905252694] [px4_1.offboard_control]: Target reached within 0.03 m
[INFO] [1772634940.033261184] [px4_1.offboard_control]: Received mission setpoint (5.00, 0.00, -5.00) yaw=3.06
[INFO] [1772634940.104941674] [px4_1.offboard_control]: Target reached within 0.03 m
[INFO] [1772634940.233743500] [px4_1.offboard_control]: Received mission setpoint (5.00, 0.00, -5.00) yaw=2.95
[INFO] [1772634940.305188933] [px4_1.offboard_control]: Target reached within 0.03 m
[INFO] [1772634940.434352488] [px4_1.offboard_control]: Received mission setpoint (5.00, 0.00, -5.00) yaw=2.70
[INFO] [1772634940.504763138] [px4_1.offboard_control]: Target reached within 0.03 m
[INFO] [1772634940.634233737] [px4_1.offboard_control]: Received mission setpoint (5.00, 0.00, -5.00) yaw=2.55
[INFO] [1772634940.704944694] [px4_1.offboard_control]: Target reached within 0.03 m
[INFO] [1772634940.833572610] [px4_1.offboard_control]: Received mission setpoint (5.00, 0.00, -5.00) yaw=2.45
[INFO] [1772634940.904683971] [px4_1.offboard_control]: Target reached within 0.03 m
[INFO] [1772634941.033215253] [px4_1.offboard_control]: Received mission setpoint (5.00, 0.00, -5.00) yaw=2.43
[INFO] [1772634941.104888646] [px4_1.offboard_control]: Target reached within 0.03 m
[INFO] [1772634941.233366896] [px4_1.offboard_control]: Received mission setpoint (5.00, 0.00, -5.00) yaw=2.29
[INFO] [1772634941.304899817] [px4_1.offboard_control]: Target reached within 0.04 m
[INFO] [1772634941.433413225] [px4_1.offboard_control]: Received mission setpoint (5.00, 0.00, -5.00) yaw=2.20
[INFO] [1772634941.504900281] [px4_1.offboard_control]: Target reached within 0.05 m
[INFO] [1772634941.633696696] [px4_1.offboard_control]: Received mission setpoint (5.00, 0.00, -5.00) yaw=2.15
[INFO] [1772634941.704957395] [px4_1.offboard_control]: Target reached within 0.05 m
[INFO] [1772634941.833312637] [px4_1.offboard_control]: Received mission setpoint (5.00, 0.00, -5.00) yaw=2.16
[INFO] [1772634941.904807753] [px4_1.offboard_control]: Target reached within 0.06 m
[INFO] [1772634942.033227152] [px4_1.offboard_control]: Received mission setpoint (5.00, 0.00, -5.00) yaw=2.06
[INFO] [1772634942.104863135] [px4_1.offboard_control]: Target reached within 0.06 m
[INFO] [1772634942.233418647] [px4_1.offboard_control]: Received mission setpoint (5.00, 0.00, -5.00) yaw=2.00
[INFO] [1772634942.305226640] [px4_1.offboard_control]: Target reached within 0.05 m
[INFO] [1772634942.433294022] [px4_1.offboard_control]: Received mission setpoint (5.00, 0.00, -5.00) yaw=1.77
[INFO] [1772634942.504543949] [px4_1.offboard_control]: Target reached within 0.05 m
[INFO] [1772634942.633208884] [px4_1.offboard_control]: Received mission setpoint (5.00, 0.00, -5.00) yaw=1.64
[INFO] [1772634942.704811334] [px4_1.offboard_control]: Target reached within 0.05 m
[INFO] [1772634942.833450298] [px4_1.offboard_control]: Received mission setpoint (5.00, 0.00, -5.00) yaw=1.48
[INFO] [1772634942.904587097] [px4_1.offboard_control]: Target reached within 0.05 m
[INFO] [1772634943.033379980] [px4_1.offboard_control]: Received mission setpoint (5.00, 0.00, -5.00) yaw=1.42
[INFO] [1772634943.104701410] [px4_1.offboard_control]: Target reached within 0.04 m
[INFO] [1772634943.233569866] [px4_1.offboard_control]: Received mission setpoint (5.00, 0.00, -5.00) yaw=1.12
[INFO] [1772634943.304602460] [px4_1.offboard_control]: Target reached within 0.04 m
[INFO] [1772634943.433292709] [px4_1.offboard_control]: Received mission setpoint (5.00, 0.00, -5.00) yaw=0.91
[INFO] [1772634943.504561720] [px4_1.offboard_control]: Target reached within 0.04 m
[INFO] [1772634943.633359446] [px4_1.offboard_control]: Received mission setpoint (5.00, 0.00, -5.00) yaw=0.63
[INFO] [1772634943.704486776] [px4_1.offboard_control]: Target reached within 0.05 m
[INFO] [1772634943.833136430] [px4_1.offboard_control]: Received mission setpoint (5.00, 0.00, -5.00) yaw=0.52
[INFO] [1772634943.904907755] [px4_1.offboard_control]: Target reached within 0.06 m
[INFO] [1772634944.033109646] [px4_1.offboard_control]: Received mission setpoint (5.00, 0.00, -5.00) yaw=0.30
[INFO] [1772634944.104481391] [px4_1.offboard_control]: Target reached within 0.07 m
[INFO] [1772634944.233691382] [px4_1.offboard_control]: Received mission setpoint (5.00, 0.00, -5.00) yaw=0.20
[INFO] [1772634944.304626560] [px4_1.offboard_control]: Target reached within 0.07 m
[INFO] [1772634944.433153025] [px4_1.offboard_control]: Received mission setpoint (5.00, 0.00, -5.00) yaw=0.09
[INFO] [1772634944.504647314] [px4_1.offboard_control]: Target reached within 0.08 m
[INFO] [1772634944.633172062] [px4_1.offboard_control]: Received mission setpoint (5.00, 0.00, -5.00) yaw=0.04
[INFO] [1772634944.704687683] [px4_1.offboard_control]: Target reached within 0.09 m
[INFO] [1772634944.833819695] [px4_1.offboard_control]: Received mission setpoint (5.00, 0.00, -5.00) yaw=-0.08
[INFO] [1772634944.904436829] [px4_1.offboard_control]: Target reached within 0.09 m
[INFO] [1772634945.033376885] [px4_1.offboard_control]: Received mission setpoint (5.00, 0.00, -5.00) yaw=-0.16
[INFO] [1772634945.105028776] [px4_1.offboard_control]: Target reached within 0.09 m
[INFO] [1772634945.234357435] [px4_1.offboard_control]: Received mission setpoint (5.00, 0.00, -5.00) yaw=-0.29
[INFO] [1772634945.304615672] [px4_1.offboard_control]: Target reached within 0.10 m
[INFO] [1772634945.434307111] [px4_1.offboard_control]: Received mission setpoint (5.00, 0.00, -5.00) yaw=-0.36
[INFO] [1772634945.504523082] [px4_1.offboard_control]: Target reached within 0.10 m
[INFO] [1772634945.633043759] [px4_1.offboard_control]: Received mission setpoint (5.00, 0.00, -5.00) yaw=-0.49
[INFO] [1772634945.704655856] [px4_1.offboard_control]: Target reached within 0.10 m
[INFO] [1772634945.833340729] [px4_1.offboard_control]: Received mission setpoint (5.00, 0.00, -5.00) yaw=-0.58
[INFO] [1772634945.904416056] [px4_1.offboard_control]: Target reached within 0.10 m
[INFO] [1772634946.033536302] [px4_1.offboard_control]: Received mission setpoint (5.00, 0.00, -5.00) yaw=-0.70
[INFO] [1772634946.104451702] [px4_1.offboard_control]: Target reached within 0.10 m
[INFO] [1772634946.232994184] [px4_1.offboard_control]: Received mission setpoint (5.00, 0.00, -5.00) yaw=-0.77
[INFO] [1772634946.304986485] [px4_1.offboard_control]: Target reached within 0.10 m
[INFO] [1772634946.433749151] [px4_1.offboard_control]: Received mission setpoint (5.00, 0.00, -5.00) yaw=-0.90
[INFO] [1772634946.504551051] [px4_1.offboard_control]: Target reached within 0.10 m
[INFO] [1772634946.633869237] [px4_1.offboard_control]: Received mission setpoint (5.00, 0.00, -5.00) yaw=-0.98
[INFO] [1772634946.704717404] [px4_1.offboard_control]: Target reached within 0.09 m
[INFO] [1772634946.833342578] [px4_1.offboard_control]: Received mission setpoint (5.00, 0.00, -5.00) yaw=-1.06
[INFO] [1772634946.904785917] [px4_1.offboard_control]: Target reached within 0.09 m
[INFO] [1772634947.033790522] [px4_1.offboard_control]: Received mission setpoint (5.00, 0.00, -5.00) yaw=-1.12
[INFO] [1772634947.104808213] [px4_1.offboard_control]: Target reached within 0.09 m
[INFO] [1772634947.233653593] [px4_1.offboard_control]: Received mission setpoint (5.00, 0.00, -5.00) yaw=-1.23
[INFO] [1772634947.304521539] [px4_1.offboard_control]: Target reached within 0.09 m
[INFO] [1772634947.433190242] [px4_1.offboard_control]: Received mission setpoint (5.00, 0.00, -5.00) yaw=-1.32
[INFO] [1772634947.505151618] [px4_1.offboard_control]: Target reached within 0.08 m
[INFO] [1772634949.029495802] [px4_1.offboard_control]: Received mission setpoint (5.00, 0.00, -5.00) yaw=-1.39
[INFO] [1772634949.034431157] [px4_1.offboard_control]: Received mission setpoint (5.00, 0.00, -5.00) yaw=-1.41
[INFO] [1772634949.104474291] [px4_1.offboard_control]: Target reached within 0.07 m
[INFO] [1772634949.233100766] [px4_1.offboard_control]: Received mission setpoint (5.00, 0.00, -5.00) yaw=-1.89
[INFO] [1772634949.304944776] [px4_1.offboard_control]: Target reached within 0.07 m
[INFO] [1772634949.433283636] [px4_1.offboard_control]: Received mission setpoint (5.00, 0.00, -5.00) yaw=-1.96
[INFO] [1772634949.504499165] [px4_1.offboard_control]: Target reached within 0.06 m
[INFO] [1772634949.633611333] [px4_1.offboard_control]: Received mission setpoint (5.00, 0.00, -5.00) yaw=-1.94
[INFO] [1772634949.704819577] [px4_1.offboard_control]: Target reached within 0.05 m
[INFO] [1772634949.833184547] [px4_1.offboard_control]: Received mission setpoint (5.00, 0.00, -5.00) yaw=-2.00
[INFO] [1772634949.904524470] [px4_1.offboard_control]: Target reached within 0.05 m
[INFO] [1772634950.033775544] [px4_1.offboard_control]: Received mission setpoint (5.00, 0.00, -5.00) yaw=-2.18
[INFO] [1772634950.104674145] [px4_1.offboard_control]: Target reached within 0.04 m
[INFO] [1772634950.233213443] [px4_1.offboard_control]: Received mission setpoint (5.00, 0.00, -5.00) yaw=-2.29
[INFO] [1772634950.304638060] [px4_1.offboard_control]: Target reached within 0.04 m
[INFO] [1772634950.433387070] [px4_1.offboard_control]: Received mission setpoint (5.00, 0.00, -5.00) yaw=-2.30
[INFO] [1772634950.505211788] [px4_1.offboard_control]: Target reached within 0.04 m
[INFO] [1772634950.633923249] [px4_1.offboard_control]: Received mission setpoint (5.00, 0.00, -5.00) yaw=-2.32
[INFO] [1772634950.704606365] [px4_1.offboard_control]: Target reached within 0.04 m
[INFO] [1772634950.833610545] [px4_1.offboard_control]: Received mission setpoint (5.00, 0.00, -5.00) yaw=-2.39
[INFO] [1772634950.904414140] [px4_1.offboard_control]: Target reached within 0.03 m
[INFO] [1772634951.033168075] [px4_1.offboard_control]: Received mission setpoint (5.00, 0.00, -5.00) yaw=-2.50
[INFO] [1772634951.104589088] [px4_1.offboard_control]: Target reached within 0.03 m
[INFO] [1772634951.233400467] [px4_1.offboard_control]: Received mission setpoint (5.00, 0.00, -5.00) yaw=-2.57
[INFO] [1772634951.305270595] [px4_1.offboard_control]: Target reached within 0.03 m
[INFO] [1772634951.433220056] [px4_1.offboard_control]: Received mission setpoint (5.00, 0.00, -5.00) yaw=-2.59
[INFO] [1772634951.505159158] [px4_1.offboard_control]: Target reached within 0.03 m
[INFO] [1772634951.633886867] [px4_1.offboard_control]: Received mission setpoint (5.00, 0.00, -5.00) yaw=-2.57
[INFO] [1772634951.705044475] [px4_1.offboard_control]: Target reached within 0.03 m
[INFO] [1772634951.833396319] [px4_1.offboard_control]: Received mission setpoint (5.00, 0.00, -5.00) yaw=-2.70
[INFO] [1772634951.904718488] [px4_1.offboard_control]: Target reached within 0.02 m
[INFO] [1772634952.033750651] [px4_1.offboard_control]: Received mission setpoint (5.00, 0.00, -5.00) yaw=-2.90
[INFO] [1772634952.104527655] [px4_1.offboard_control]: Target reached within 0.02 m
[INFO] [1772634952.233550326] [px4_1.offboard_control]: Received mission setpoint (5.00, 0.00, -5.00) yaw=3.06
[INFO] [1772634952.304996654] [px4_1.offboard_control]: Target reached within 0.02 m
[INFO] [1772634952.434093223] [px4_1.offboard_control]: Received mission setpoint (5.00, 0.00, -5.00) yaw=2.91
[INFO] [1772634952.504603835] [px4_1.offboard_control]: Target reached within 0.02 m
[INFO] [1772634952.633177778] [px4_1.offboard_control]: Received mission setpoint (5.00, 0.00, -5.00) yaw=2.27
[INFO] [1772634952.704640945] [px4_1.offboard_control]: Target reached within 0.01 m
[INFO] [1772634952.833945549] [px4_1.offboard_control]: Received mission setpoint (5.00, 0.00, -5.00) yaw=1.78
[INFO] [1772634952.904513195] [px4_1.offboard_control]: Target reached within 0.02 m
[INFO] [1772634953.033230461] [px4_1.offboard_control]: Received mission setpoint (5.00, 0.00, -5.00) yaw=1.43
[INFO] [1772634953.104713855] [px4_1.offboard_control]: Target reached within 0.02 m
[INFO] [1772634953.233721881] [px4_1.offboard_control]: Received mission setpoint (5.00, 0.00, -5.00) yaw=1.27
[INFO] [1772634953.304664412] [px4_1.offboard_control]: Target reached within 0.02 m
[INFO] [1772634953.434068762] [px4_1.offboard_control]: Received mission setpoint (5.00, 0.00, -5.00) yaw=0.96
[INFO] [1772634953.504515523] [px4_1.offboard_control]: Target reached within 0.02 m
[INFO] [1772634953.633231083] [px4_1.offboard_control]: Received mission setpoint (5.00, 0.00, -5.00) yaw=0.81
[INFO] [1772634953.704394325] [px4_1.offboard_control]: Target reached within 0.03 m
[INFO] [1772634953.833008800] [px4_1.offboard_control]: Received mission setpoint (5.00, 0.00, -5.00) yaw=0.60
[INFO] [1772634953.904489306] [px4_1.offboard_control]: Target reached within 0.04 m
[INFO] [1772634954.033073292] [px4_1.offboard_control]: Received mission setpoint (5.00, 0.00, -5.00) yaw=0.52
[INFO] [1772634954.104452886] [px4_1.offboard_control]: Target reached within 0.05 m
[INFO] [1772634954.233043334] [px4_1.offboard_control]: Received mission setpoint (5.00, 0.00, -5.00) yaw=0.42
[INFO] [1772634954.304690069] [px4_1.offboard_control]: Target reached within 0.06 m
[INFO] [1772634954.433364299] [px4_1.offboard_control]: Received mission setpoint (5.00, 0.00, -5.00) yaw=0.38
[INFO] [1772634954.504454216] [px4_1.offboard_control]: Target reached within 0.06 m
[INFO] [1772634954.633180247] [px4_1.offboard_control]: Received mission setpoint (5.00, 0.00, -5.00) yaw=0.26
[INFO] [1772634954.704626596] [px4_1.offboard_control]: Target reached within 0.07 m
[INFO] [1772634954.833223885] [px4_1.offboard_control]: Received mission setpoint (5.00, 0.00, -5.00) yaw=0.20
[INFO] [1772634954.904631227] [px4_1.offboard_control]: Target reached within 0.07 m
[INFO] [1772634955.032947581] [px4_1.offboard_control]: Received mission setpoint (5.00, 0.00, -5.00) yaw=0.06
[INFO] [1772634955.104632293] [px4_1.offboard_control]: Target reached within 0.07 m
[INFO] [1772634955.233109880] [px4_1.offboard_control]: Received mission setpoint (5.00, 0.00, -5.00) yaw=-0.03
[INFO] [1772634955.304428994] [px4_1.offboard_control]: Target reached within 0.07 m
[INFO] [1772634955.432963202] [px4_1.offboard_control]: Received mission setpoint (5.00, 0.00, -5.00) yaw=-0.22
[INFO] [1772634955.504939982] [px4_1.offboard_control]: Target reached within 0.07 m
[INFO] [1772634955.633