[INFO] [1772633170.276252109] [px4_2.offboard_control]: Starting offboard controller for /px4_2 with target=(0.00, 0.00, -5.00) yaw=-3.14
[INFO] [1772633170.729886140] [px4_2.offboard_control]: Using discovered PX4 target ids system=3 component=1
[INFO] [1772633171.290001120] [px4_2.offboard_control]: Received mission setpoint (0.00, 5.00, -5.00) yaw=1.56
[INFO] [1772633171.363498873] [px4_2.offboard_control]: Switch to Offboard mode command send
[INFO] [1772633171.363680725] [px4_2.offboard_control]: Arm command send
[INFO] [1772633171.489801696] [px4_2.offboard_control]: Received mission setpoint (0.00, 5.00, -5.00) yaw=1.55
[INFO] [1772633171.689988385] [px4_2.offboard_control]: Received mission setpoint (0.00, 5.00, -5.00) yaw=1.54
[INFO] [1772633171.889665178] [px4_2.offboard_control]: Received mission setpoint (0.00, 5.00, -5.00) yaw=1.52
[INFO] [1772633172.089796024] [px4_2.offboard_control]: Received mission setpoint (0.00, 5.00, -5.00) yaw=1.51
[INFO] [1772633172.289873541] [px4_2.offboard_control]: Received mission setpoint (0.00, 5.00, -5.00) yaw=1.50
[INFO] [1772633172.489913587] [px4_2.offboard_control]: Received mission setpoint (0.00, 5.00, -5.00) yaw=1.49
[INFO] [1772633172.689952789] [px4_2.offboard_control]: Received mission setpoint (0.00, 5.00, -5.00) yaw=1.49
[INFO] [1772633172.889781118] [px4_2.offboard_control]: Received mission setpoint (0.00, 5.00, -5.00) yaw=1.49
[INFO] [1772633173.089967003] [px4_2.offboard_control]: Received mission setpoint (0.00, 5.00, -5.00) yaw=1.50
[INFO] [1772633173.263316033] [px4_2.offboard_control]: Target reached within 1.37 m
[INFO] [1772633173.290160165] [px4_2.offboard_control]: Received mission setpoint (0.00, 5.00, -5.00) yaw=1.51
[INFO] [1772633173.363409557] [px4_2.offboard_control]: Target reached within 1.20 m
[INFO] [1772633173.489708183] [px4_2.offboard_control]: Received mission setpoint (0.00, 5.00, -5.00) yaw=1.54
[INFO] [1772633173.563131443] [px4_2.offboard_control]: Target reached within 0.85 m
[INFO] [1772633173.689753244] [px4_2.offboard_control]: Received mission setpoint (0.00, 5.00, -5.00) yaw=1.59
[INFO] [1772633173.763158908] [px4_2.offboard_control]: Target reached within 0.56 m
[INFO] [1772633173.889832937] [px4_2.offboard_control]: Received mission setpoint (0.00, 5.00, -5.00) yaw=1.67
[INFO] [1772633173.963629069] [px4_2.offboard_control]: Target reached within 0.31 m
[INFO] [1772633174.089962345] [px4_2.offboard_control]: Received mission setpoint (0.00, 5.00, -5.00) yaw=1.91
[INFO] [1772633174.163225394] [px4_2.offboard_control]: Target reached within 0.13 m
[INFO] [1772633174.289991650] [px4_2.offboard_control]: Received mission setpoint (0.00, 5.00, -5.00) yaw=3.03
[INFO] [1772633174.363249093] [px4_2.offboard_control]: Target reached within 0.09 m
[INFO] [1772633174.489689353] [px4_2.offboard_control]: Received mission setpoint (0.00, 5.00, -5.00) yaw=-2.14
[INFO] [1772633174.563158278] [px4_2.offboard_control]: Target reached within 0.18 m
[INFO] [1772633174.689925455] [px4_2.offboard_control]: Received mission setpoint (0.00, 5.00, -5.00) yaw=-1.88
[INFO] [1772633174.763156823] [px4_2.offboard_control]: Target reached within 0.25 m
[INFO] [1772633174.889752579] [px4_2.offboard_control]: Received mission setpoint (0.00, 5.00, -5.00) yaw=-1.75
[INFO] [1772633174.963426866] [px4_2.offboard_control]: Target reached within 0.29 m
[INFO] [1772633175.089713167] [px4_2.offboard_control]: Received mission setpoint (0.00, 5.00, -5.00) yaw=-1.69
[INFO] [1772633175.163163650] [px4_2.offboard_control]: Target reached within 0.30 m
[INFO] [1772633175.289639640] [px4_2.offboard_control]: Received mission setpoint (0.00, 5.00, -5.00) yaw=-1.64
[INFO] [1772633175.363482198] [px4_2.offboard_control]: Target reached within 0.30 m
[INFO] [1772633175.489725772] [px4_2.offboard_control]: Received mission setpoint (0.00, 5.00, -5.00) yaw=-1.58
[INFO] [1772633175.563202622] [px4_2.offboard_control]: Target reached within 0.29 m
[INFO] [1772633175.689865579] [px4_2.offboard_control]: Received mission setpoint (0.00, 5.00, -5.00) yaw=-1.51
[INFO] [1772633175.763692456] [px4_2.offboard_control]: Target reached within 0.28 m
[INFO] [1772633175.889611767] [px4_2.offboard_control]: Received mission setpoint (0.00, 5.00, -5.00) yaw=-1.43
[INFO] [1772633175.963401057] [px4_2.offboard_control]: Target reached within 0.25 m
[INFO] [1772633176.089953386] [px4_2.offboard_control]: Received mission setpoint (0.00, 5.00, -5.00) yaw=-1.36
[INFO] [1772633176.163746223] [px4_2.offboard_control]: Target reached within 0.22 m
[INFO] [1772633176.289653847] [px4_2.offboard_control]: Received mission setpoint (0.00, 5.00, -5.00) yaw=-1.30
[INFO] [1772633176.363249164] [px4_2.offboard_control]: Target reached within 0.19 m
[INFO] [1772633176.489837220] [px4_2.offboard_control]: Received mission setpoint (0.00, 5.00, -5.00) yaw=-1.22
[INFO] [1772633176.563365374] [px4_2.offboard_control]: Target reached within 0.16 m
[INFO] [1772633176.689689034] [px4_2.offboard_control]: Received mission setpoint (0.00, 5.00, -5.00) yaw=-1.16
[INFO] [1772633176.763714603] [px4_2.offboard_control]: Target reached within 0.14 m
[INFO] [1772633176.889800797] [px4_2.offboard_control]: Received mission setpoint (0.00, 5.00, -5.00) yaw=-1.10
[INFO] [1772633176.963390486] [px4_2.offboard_control]: Target reached within 0.11 m
[INFO] [1772633177.089746803] [px4_2.offboard_control]: Received mission setpoint (0.00, 5.00, -5.00) yaw=-1.05
[INFO] [1772633177.163431109] [px4_2.offboard_control]: Target reached within 0.09 m
[INFO] [1772633177.289952426] [px4_2.offboard_control]: Received mission setpoint (0.00, 5.00, -5.00) yaw=-1.01
[INFO] [1772633177.363549721] [px4_2.offboard_control]: Target reached within 0.08 m
[INFO] [1772633177.489713828] [px4_2.offboard_control]: Received mission setpoint (0.00, 5.00, -5.00) yaw=-1.02
[INFO] [1772633177.563306103] [px4_2.offboard_control]: Target reached within 0.06 m
[INFO] [1772633177.689725938] [px4_2.offboard_control]: Received mission setpoint (0.00, 5.00, -5.00) yaw=-1.08
[INFO] [1772633177.763208892] [px4_2.offboard_control]: Target reached within 0.05 m
[INFO] [1772633177.889865792] [px4_2.offboard_control]: Received mission setpoint (0.00, 5.00, -5.00) yaw=-1.20
[INFO] [1772633177.963713567] [px4_2.offboard_control]: Target reached within 0.04 m
[INFO] [1772633178.089622172] [px4_2.offboard_control]: Received mission setpoint (0.00, 5.00, -5.00) yaw=-1.32
[INFO] [1772633178.163499198] [px4_2.offboard_control]: Target reached within 0.04 m
[INFO] [1772633178.289732225] [px4_2.offboard_control]: Received mission setpoint (0.00, 5.00, -5.00) yaw=-1.44
[INFO] [1772633178.363337476] [px4_2.offboard_control]: Target reached within 0.03 m
[INFO] [1772633178.489689080] [px4_2.offboard_control]: Received mission setpoint (0.00, 5.00, -5.00) yaw=-1.58
[INFO] [1772633178.563428127] [px4_2.offboard_control]: Target reached within 0.03 m
[INFO] [1772633178.689753942] [px4_2.offboard_control]: Received mission setpoint (0.00, 5.00, -5.00) yaw=-1.64
[INFO] [1772633178.763415510] [px4_2.offboard_control]: Target reached within 0.03 m
[INFO] [1772633178.889680232] [px4_2.offboard_control]: Received mission setpoint (0.00, 5.00, -5.00) yaw=-1.76
[INFO] [1772633178.963432425] [px4_2.offboard_control]: Target reached within 0.03 m
[INFO] [1772633179.089687674] [px4_2.offboard_control]: Received mission setpoint (0.00, 5.00, -5.00) yaw=-1.80
[INFO] [1772633179.163376097] [px4_2.offboard_control]: Target reached within 0.04 m
[INFO] [1772633179.289945137] [px4_2.offboard_control]: Received mission setpoint (0.00, 5.00, -5.00) yaw=-1.82
[INFO] [1772633179.363192162] [px4_2.offboard_control]: Target reached within 0.05 m
[INFO] [1772633179.490230205] [px4_2.offboard_control]: Received mission setpoint (0.00, 5.00, -5.00) yaw=-1.86
[INFO] [1772633179.563306891] [px4_2.offboard_control]: Target reached within 0.05 m
[INFO] [1772633179.690123497] [px4_2.offboard_control]: Received mission setpoint (0.00, 5.00, -5.00) yaw=-1.87
[INFO] [1772633179.763366487] [px4_2.offboard_control]: Target reached within 0.05 m
[INFO] [1772633179.890464341] [px4_2.offboard_control]: Received mission setpoint (0.00, 5.00, -5.00) yaw=-1.88
[INFO] [1772633179.963311577] [px4_2.offboard_control]: Target reached within 0.06 m
[INFO] [1772633180.089752856] [px4_2.offboard_control]: Received mission setpoint (0.00, 5.00, -5.00) yaw=-1.86
[INFO] [1772633180.163340262] [px4_2.offboard_control]: Target reached within 0.06 m
[INFO] [1772633180.289678418] [px4_2.offboard_control]: Received mission setpoint (0.00, 5.00, -5.00) yaw=-1.86
[INFO] [1772633180.363240115] [px4_2.offboard_control]: Target reached within 0.06 m
[INFO] [1772633180.489929699] [px4_2.offboard_control]: Received mission setpoint (0.00, 5.00, -5.00) yaw=-1.83
[INFO] [1772633180.563273267] [px4_2.offboard_control]: Target reached within 0.06 m
[INFO] [1772633180.689757375] [px4_2.offboard_control]: Received mission setpoint (0.00, 5.00, -5.00) yaw=-1.82
[INFO] [1772633180.763246577] [px4_2.offboard_control]: Target reached within 0.06 m
[INFO] [1772633180.890012901] [px4_2.offboard_control]: Received mission setpoint (0.00, 5.00, -5.00) yaw=-1.82
[INFO] [1772633180.963157473] [px4_2.offboard_control]: Target reached within 0.06 m
[INFO] [1772633181.089733155] [px4_2.offboard_control]: Received mission setpoint (0.00, 5.00, -5.00) yaw=-1.80
[INFO] [1772633181.163274140] [px4_2.offboard_control]: Target reached within 0.06 m
[INFO] [1772633181.289806096] [px4_2.offboard_control]: Received mission setpoint (0.00, 5.00, -5.00) yaw=-1.77
[INFO] [1772633181.363158699] [px4_2.offboard_control]: Target reached within 0.06 m
[INFO] [1772633181.489646700] [px4_2.offboard_control]: Received mission setpoint (0.00, 5.00, -5.00) yaw=-1.73
[INFO] [1772633181.563210417] [px4_2.offboard_control]: Target reached within 0.06 m
[INFO] [1772633181.689684876] [px4_2.offboard_control]: Received mission setpoint (0.00, 5.00, -5.00) yaw=-1.68
[INFO] [1772633181.763426485] [px4_2.offboard_control]: Target reached within 0.06 m
[INFO] [1772633181.889579970] [px4_2.offboard_control]: Received mission setpoint (0.00, 5.00, -5.00) yaw=-1.65
[INFO] [1772633181.963491706] [px4_2.offboard_control]: Target reached within 0.06 m
[INFO] [1772633182.089831663] [px4_2.offboard_control]: Received mission setpoint (0.00, 5.00, -5.00) yaw=-1.63
[INFO] [1772633182.164537244] [px4_2.offboard_control]: Target reached within 0.05 m
[INFO] [1772633182.295766284] [px4_2.offboard_control]: Received mission setpoint (0.00, 5.00, -5.00) yaw=-1.62
[INFO] [1772633182.364831375] [px4_2.offboard_control]: Target reached within 0.05 m
[INFO] [1772633182.490213249] [px4_2.offboard_control]: Received mission setpoint (0.00, 5.00, -5.00) yaw=-1.62
[INFO] [1772633182.563401828] [px4_2.offboard_control]: Target reached within 0.05 m
[INFO] [1772633182.689819865] [px4_2.offboard_control]: Received mission setpoint (0.00, 5.00, -5.00) yaw=-1.62
[INFO] [1772633182.763389346] [px4_2.offboard_control]: Target reached within 0.05 m
[INFO] [1772633182.889821073] [px4_2.offboard_control]: Received mission setpoint (0.00, 5.00, -5.00) yaw=-1.64
[INFO] [1772633182.963143334] [px4_2.offboard_control]: Target reached within 0.05 m
[INFO] [1772633183.089635590] [px4_2.offboard_control]: Received mission setpoint (0.00, 5.00, -5.00) yaw=-1.70
[INFO] [1772633183.163449960] [px4_2.offboard_control]: Target reached within 0.05 m
[INFO] [1772633183.289597186] [px4_2.offboard_control]: Received mission setpoint (0.00, 5.00, -5.00) yaw=-1.74
[INFO] [1772633183.363301763] [px4_2.offboard_control]: Target reached within 0.04 m
[INFO] [1772633183.489595271] [px4_2.offboard_control]: Received mission setpoint (0.00, 5.00, -5.00) yaw=-1.77
[INFO] [1772633183.563304813] [px4_2.offboard_control]: Target reached within 0.04 m
[INFO] [1772633183.689656811] [px4_2.offboard_control]: Received mission setpoint (0.00, 5.00, -5.00) yaw=-1.80
[INFO] [1772633183.763347536] [px4_2.offboard_control]: Target reached within 0.03 m
[INFO] [1772633183.889834820] [px4_2.offboard_control]: Received mission setpoint (0.00, 5.00, -5.00) yaw=-1.93
[INFO] [1772633183.963344324] [px4_2.offboard_control]: Target reached within 0.03 m
[INFO] [1772633184.089755786] [px4_2.offboard_control]: Received mission setpoint (0.00, 5.00, -5.00) yaw=-2.07
[INFO] [1772633184.163561149] [px4_2.offboard_control]: Target reached within 0.02 m
[INFO] [1772633184.289773576] [px4_2.offboard_control]: Received mission setpoint (0.00, 5.00, -5.00) yaw=-2.10
[INFO] [1772633184.363205048] [px4_2.offboard_control]: Target reached within 0.02 m
[INFO] [1772633184.489665493] [px4_2.offboard_control]: Received mission setpoint (0.00, 5.00, -5.00) yaw=-2.17
[INFO] [1772633184.563174945] [px4_2.offboard_control]: Target reached within 0.02 m
[INFO] [1772633184.689698245] [px4_2.offboard_control]: Received mission setpoint (0.00, 5.00, -5.00) yaw=-2.24
[INFO] [1772633184.763201590] [px4_2.offboard_control]: Target reached within 0.02 m
[INFO] [1772633184.889634718] [px4_2.offboard_control]: Received mission setpoint (0.00, 5.00, -5.00) yaw=-2.39
[INFO] [1772633184.963429906] [px4_2.offboard_control]: Target reached within 0.02 m
[INFO] [1772633185.089666673] [px4_2.offboard_control]: Received mission setpoint (0.00, 5.00, -5.00) yaw=-2.52
[INFO] [1772633185.163193731] [px4_2.offboard_control]: Target reached within 0.02 m
[INFO] [1772633185.289673827] [px4_2.offboard_control]: Received mission setpoint (0.00, 5.00, -5.00) yaw=-2.92
[INFO] [1772633185.363416723] [px4_2.offboard_control]: Target reached within 0.01 m
[INFO] [1772633185.489692923] [px4_2.offboard_control]: Received mission setpoint (0.00, 5.00, -5.00) yaw=3.05
[INFO] [1772633185.563346640] [px4_2.offboard_control]: Target reached within 0.01 m
[INFO] [1772633185.689655159] [px4_2.offboard_control]: Received mission setpoint (0.00, 5.00, -5.00) yaw=2.65
[INFO] [1772633185.763230947] [px4_2.offboard_control]: Target reached within 0.01 m
[INFO] [1772633185.889749051] [px4_2.offboard_control]: Received mission setpoint (0.00, 5.00, -5.00) yaw=2.51
[INFO] [1772633185.963362916] [px4_2.offboard_control]: Target reached within 0.01 m
[INFO] [1772633186.089847008] [px4_2.offboard_control]: Received mission setpoint (0.00, 5.00, -5.00) yaw=1.90
[INFO] [1772633186.163208567] [px4_2.offboard_control]: Target reached within 0.01 m
[INFO] [1772633186.289747491] [px4_2.offboard_control]: Received mission setpoint (0.00, 5.00, -5.00) yaw=1.54
[INFO] [1772633186.363155295] [px4_2.offboard_control]: Target reached within 0.02 m
[INFO] [1772633186.489735219] [px4_2.offboard_control]: Received mission setpoint (0.00, 5.00, -5.00) yaw=1.18
[INFO] [1772633186.563178912] [px4_2.offboard_control]: Target reached within 0.02 m
[INFO] [1772633186.689653483] [px4_2.offboard_control]: Received mission setpoint (0.00, 5.00, -5.00) yaw=0.99
[INFO] [1772633186.763182947] [px4_2.offboard_control]: Target reached within 0.03 m
[INFO] [1772633186.889650719] [px4_2.offboard_control]: Received mission setpoint (0.00, 5.00, -5.00) yaw=0.89
[INFO] [1772633186.963211167] [px4_2.offboard_control]: Target reached within 0.03 m
[INFO] [1772633187.089660919] [px4_2.offboard_control]: Received mission setpoint (0.00, 5.00, -5.00) yaw=0.87
[INFO] [1772633187.163908337] [px4_2.offboard_control]: Target reached within 0.04 m
[INFO] [1772633187.289574418] [px4_2.offboard_control]: Received mission setpoint (0.00, 5.00, -5.00) yaw=0.78
[INFO] [1772633187.363292681] [px4_2.offboard_control]: Target reached within 0.05 m
[INFO] [1772633187.489812446] [px4_2.offboard_control]: Received mission setpoint (0.00, 5.00, -5.00) yaw=0.70
[INFO] [1772633187.563225761] [px4_2.offboard_control]: Target reached within 0.05 m
[INFO] [1772633187.689902539] [px4_2.offboard_control]: Received mission setpoint (0.00, 5.00, -5.00) yaw=0.66
[INFO] [1772633187.763189221] [px4_2.offboard_control]: Target reached within 0.06 m
[INFO] [1772633187.889628267] [px4_2.offboard_control]: Received mission setpoint (0.00, 5.00, -5.00) yaw=0.67
[INFO] [1772633187.963252494] [px4_2.offboard_control]: Target reached within 0.06 m
[INFO] [1772633188.089626713] [px4_2.offboard_control]: Received mission setpoint (0.00, 5.00, -5.00) yaw=0.66
[INFO] [1772633188.163281199] [px4_2.offboard_control]: Target reached within 0.05 m
[INFO] [1772633188.289761757] [px4_2.offboard_control]: Received mission setpoint (0.00, 5.00, -5.00) yaw=0.66
[INFO] [1772633188.363389657] [px4_2.offboard_control]: Target reached within 0.05 m
[INFO] [1772633188.489717972] [px4_2.offboard_control]: Received mission setpoint (0.00, 5.00, -5.00) yaw=0.59
[INFO] [1772633188.563237333] [px4_2.offboard_control]: Target reached within 0.05 m
[INFO] [1772633188.689780970] [px4_2.offboard_control]: Received mission setpoint (0.00, 5.00, -5.00) yaw=0.54
[INFO] [1772633188.763203382] [px4_2.offboard_control]: Target reached within 0.05 m
[INFO] [1772633188.889604909] [px4_2.offboard_control]: Received mission setpoint (0.00, 5.00, -5.00) yaw=0.51
[INFO] [1772633188.963306759] [px4_2.offboard_control]: Target reached within 0.05 m
[INFO] [1772633189.089652597] [px4_2.offboard_control]: Received mission setpoint (0.00, 5.00, -5.00) yaw=0.52
[INFO] [1772633189.163182896] [px4_2.offboard_control]: Target reached within 0.05 m
[INFO] [1772633189.289586733] [px4_2.offboard_control]: Received mission setpoint (0.00, 5.00, -5.00) yaw=0.50
[INFO] [1772633189.363260936] [px4_2.offboard_control]: Target reached within 0.05 m
[INFO] [1772633189.490081636] [px4_2.offboard_control]: Received mission setpoint (0.00, 5.00, -5.00) yaw=0.48
[INFO] [1772633189.563282256] [px4_2.offboard_control]: Target reached within 0.04 m
[INFO] [1772633189.689728131] [px4_2.offboard_control]: Received mission setpoint (0.00, 5.00, -5.00) yaw=0.42
[INFO] [1772633189.763541090] [px4_2.offboard_control]: Target reached within 0.05 m
[INFO] [1772633189.889717536] [px4_2.offboard_control]: Received mission setpoint (0.00, 5.00, -5.00) yaw=0.38
[INFO] [1772633189.963313639] [px4_2.offboard_control]: Target reached within 0.04 m
[INFO] [1772633190.090067715] [px4_2.offboard_control]: Received mission setpoint (0.00, 5.00, -5.00) yaw=0.30
[INFO] [1772633190.163278580] [px4_2.offboard_control]: Target reached within 0.04 m
[INFO] [1772633190.289942660] [px4_2.offboard_control]: Received mission setpoint (0.00, 5.00, -5.00) yaw=0.23
[INFO] [1772633190.363326351] [px4_2.offboard_control]: Target reached within 0.04 m
[INFO] [1772633190.489980340] [px4_2.offboard_control]: Received mission setpoint (0.00, 5.00, -5.00) yaw=0.24
[INFO] [1772633190.563326291] [px4_2.offboard_control]: Target reached within 0.03 m
[INFO] [1772633190.689789560] [px4_2.offboard_control]: Received mission setpoint (0.00, 5.00, -5.00) yaw=0.26
[INFO] [1772633190.763278083] [px4_2.offboard_control]: Target reached within 0.03 m
[INFO] [1772633190.889674277] [px4_2.offboard_control]: Received mission setpoint (0.00, 5.00, -5.00) yaw=0.27
[INFO] [1772633190.963226855] [px4_2.offboard_control]: Target reached within 0.03 m
[INFO] [1772633191.089791450] [px4_2.offboard_control]: Received mission setpoint (0.00, 5.00, -5.00) yaw=0.23
[INFO] [1772633191.163271455] [px4_2.offboard_control]: Target reached within 0.02 m
[INFO] [1772633191.289694177] [px4_2.offboard_control]: Received mission setpoint (0.00, 5.00, -5.00) yaw=0.14
[INFO] [1772633191.363353385] [px4_2.offboard_control]: Target reached within 0.01 m
[INFO] [1772633191.489822340] [px4_2.offboard_control]: Received mission setpoint (0.00, 5.00, -5.00) yaw=-0.05
[INFO] [1772633191.563316909] [px4_2.offboard_control]: Target reached within 0.00 m
[INFO] [1772633191.689866567] [px4_2.offboard_control]: Received mission setpoint (0.00, 5.00, -5.00) yaw=-3.10
[INFO] [1772633191.763284414] [px4_2.offboard_control]: Target reached within 0.01 m
[INFO] [1772633191.890130887] [px4_2.offboard_control]: Received mission setpoint (0.00, 5.00, -5.00) yaw=3.04
[INFO] [1772633191.963332885] [px4_2.offboard_control]: Target reached within 0.02 m
[INFO] [1772633192.089812859] [px4_2.offboard_control]: Received mission setpoint (0.00, 5.00, -5.00) yaw=-2.89
[INFO] [1772633192.163232941] [px4_2.offboard_control]: Target reached within 0.03 m
[INFO] [1772633192.290073792] [px4_2.offboard_control]: Received mission setpoint (0.00, 5.00, -5.00) yaw=-2.50
[INFO] [1772633192.363362997] [px4_2.offboard_control]: Target reached within 0.04 m
[INFO] [1772633192.489844974] [px4_2.offboard_control]: Received mission setpoint (0.00, 5.00, -5.00) yaw=-2.30
[INFO] [1772633192.563314671] [px4_2.offboard_control]: Target reached within 0.04 m
[INFO] [1772633192.689800340] [px4_2.offboard_control]: Received mission setpoint (0.00, 5.00, -5.00) yaw=-2.29
[INFO] [1772633192.763364076] [px4_2.offboard_control]: Target reached within 0.04 m
[INFO] [1772633192.889713338] [px4_2.offboard_control]: Received mission setpoint (0.00, 5.00, -5.00) yaw=-2.34
[INFO] [1772633192.963262063] [px4_2.offboard_control]: Target reached within 0.04 m
[INFO] [1772633193.089697433] [px4_2.offboard_control]: Received mission setpoint (0.00, 5.00, -5.00) yaw=-2.41
[INFO] [1772633193.163309754] [px4_2.offboard_control]: Target reached within 0.04 m
[INFO] [1772633193.290003552] [px4_2.offboard_control]: Received mission setpoint (0.00, 5.00, -5.00) yaw=-2.35
[INFO] [1772633193.363357249] [px4_2.offboard_control]: Target reached within 0.05 m
[INFO] [1772633193.490010185] [px4_2.offboard_control]: Received mission setpoint (0.00, 5.00, -5.00) yaw=-2.18
[INFO] [1772633193.563328330] [px4_2.offboard_control]: Target reached within 0.05 m
[INFO] [1772633193.689869212] [px4_2.offboard_control]: Received mission setpoint (0.00, 5.00, -5.00) yaw=-2.12
[INFO] [1772633193.763321138] [px4_2.offboard_control]: Target reached within 0.06 m
[INFO] [1772633193.890015522] [px4_2.offboard_control]: Received mission setpoint (0.00, 5.00, -5.00) yaw=-2.21
[INFO] [1772633193.963381384] [px4_2.offboard_control]: Target reached within 0.06 m
[INFO] [1772633194.089867304] [px4_2.offboard_control]: Received mission setpoint (0.00, 5.00, -5.00) yaw=-2.32
[INFO] [1772633194.163381785] [px4_2.offboard_control]: Target reached within 0.06 m
[INFO] [1772633194.289986652] [px4_2.offboard_control]: Received mission setpoint (0.00, 5.00, -5.00) yaw=-2.41
[INFO] [1772633194.363535343] [px4_2.offboard_control]: Target reached within 0.05 m
[INFO] [1772633194.490225317] [px4_2.offboard_control]: Received mission setpoint (0.00, 5.00, -5.00) yaw=-2.45
[INFO] [1772633194.563492846] [px4_2.offboard_control]: Target reached within 0.05 m
[INFO] [1772633194.689732880] [px4_2.offboard_control]: Received mission setpoint (0.00, 5.00, -5.00) yaw=-2.56
[INFO] [1772633194.763256325] [px4_2.offboard_control]: Target reached within 0.04 m
[INFO] [1772633194.889745811] [px4_2.offboard_control]: Received mission setpoint (0.00, 5.00, -5.00) yaw=-2.71
[INFO] [1772633194.963217807] [px4_2.offboard_control]: Target reached within 0.04 m
[INFO] [1772633195.090117956] [px4_2.offboard_control]: Received mission setpoint (0.00, 5.00, -5.00) yaw=-2.86
[INFO] [1772633195.163223157] [px4_2.offboard_control]: Target reached within 0.04 m
[INFO] [1772633195.289812398] [px4_2.offboard_control]: Received mission setpoint (0.00, 5.00, -5.00) yaw=-2.95
[INFO] [1772633195.363332902] [px4_2.offboard_control]: Target reached within 0.04 m
[INFO] [1772633195.489849500] [px4_2.offboard_control]: Received mission setpoint (0.00, 5.00, -5.00) yaw=-3.01
[INFO] [1772633195.563285335] [px4_2.offboard_control]: Target reached within 0.04 m
[INFO] [1772633195.689911822] [px4_2.offboard_control]: Received mission setpoint (0.00, 5.00, -5.00) yaw=-3.08
[INFO] [1772633195.763186194] [px4_2.offboard_control]: Target reached within 0.04 m
[INFO] [1772633195.889754743] [px4_2.offboard_control]: Received mission setpoint (0.00, 5.00, -5.00) yaw=-3.12
[INFO] [1772633195.963297863] [px4_2.offboard_control]: Target reached within 0.04 m
[INFO] [1772633196.089820173] [px4_2.offboard_control]: Received mission setpoint (0.00, 5.00, -5.00) yaw=3.09
[INFO] [1772633196.163301643] [px4_2.offboard_control]: Target reached within 0.04 m
[INFO] [1772633196.290130589] [px4_2.offboard_control]: Received mission setpoint (0.00, 5.00, -5.00) yaw=2.97
[INFO] [1772633196.363299972] [px4_2.offboard_control]: Target reached within 0.04 m
[INFO] [1772633196.489784572] [px4_2.offboard_control]: Received mission setpoint (0.00, 5.00, -5.00) yaw=2.96
[INFO] [1772633196.563237864] [px4_2.offboard_control]: Target reached within 0.04 m
[INFO] [1772633196.689804600] [px4_2.offboard_control]: Received mission setpoint (0.00, 5.00, -5.00) yaw=2.93
[INFO] [1772633196.763215104] [px4_2.offboard_control]: Target reached within 0.03 m
[INFO] [1772633196.889699171] [px4_2.offboard_control]: Received mission setpoint (0.00, 5.00, -5.00) yaw=2.94
[INFO] [1772633196.963208887] [px4_2.offboard_control]: Target reached within 0.03 m
[INFO] [1772633197.089633966] [px4_2.offboard_control]: Received mission setpoint (0.00, 5.00, -5.00) yaw=2.88
[INFO] [1772633197.163205946] [px4_2.offboard_control]: Target reached within 0.03 m
[INFO] [1772633197.289805942] [px4_2.offboard_control]: Received mission setpoint (0.00, 5.00, -5.00) yaw=3.03
[INFO] [1772633197.363261929] [px4_2.offboard_control]: Target reached within 0.02 m
[INFO] [1772633197.489737113] [px4_2.offboard_control]: Received mission setpoint (0.00, 5.00, -5.00) yaw=-3.11
[INFO] [1772633197.563311593] [px4_2.offboard_control]: Target reached within 0.02 m
[INFO] [1772633197.689689517] [px4_2.offboard_control]: Received mission setpoint (0.00, 5.00, -5.00) yaw=-2.81
[INFO] [1772633197.763356885] [px4_2.offboard_control]: Target reached within 0.02 m
[INFO] [1772633197.889768170] [px4_2.offboard_control]: Received mission setpoint (0.00, 5.00, -5.00) yaw=-2.71
[INFO] [1772633197.963268533] [px4_2.offboard_control]: Target reached within 0.02 m
[INFO] [1772633198.089970879] [px4_2.offboard_control]: Received mission setpoint (0.00, 5.00, -5.00) yaw=-2.66
[INFO] [1772633198.163210221] [px4_2.offboard_control]: Target reached within 0.02 m
[INFO] [1772633198.290014839] [px4_2.offboard_control]: Received mission setpoint (0.00, 5.00, -5.00) yaw=-2.68
[INFO] [1772633198.363258237] [px4_2.offboard_control]: Target reached within 0.02 m
[INFO] [1772633198.489856815] [px4_2.offboard_control]: Received mission setpoint (0.00, 5.00, -5.00) yaw=-2.45
[INFO] [1772633198.563336003] [px4_2.offboard_control]: Target reached within 0.02 m
[INFO] [1772633198.689740207] [px4_2.offboard_control]: Received mission setpoint (0.00, 5.00, -5.00) yaw=-2.18
[INFO] [1772633198.763231318] [px4_2.offboard_control]: Target reached within 0.02 m
[INFO] [1772633198.889721007] [px4_2.offboard_control]: Received mission setpoint (0.00, 5.00, -5.00) yaw=-1.98
[INFO] [1772633198.963282180] [px4_2.offboard_control]: Target reached within 0.02 m
[INFO] [1772633199.089647059] [px4_2.offboard_control]: Received mission setpoint (0.00, 5.00, -5.00) yaw=-1.98
[INFO] [1772633199.163262600] [px4_2.offboard_control]: Target reached within 0.02 m
[INFO] [1772633199.289689667] [px4_2.offboard_control]: Received mission setpoint (0.00, 5.00, -5.00) yaw=-1.98
[INFO] [1772633199.363211616] [px4_2.offboard_control]: Target reached within 0.02 m
[INFO] [1772633199.489975595] [px4_2.offboard_control]: Received mission setpoint (0.00, 5.00, -5.00) yaw=-1.89
[INFO] [1772633199.563736959] [px4_2.offboard_control]: Target reached within 0.03 m
[INFO] [1772633199.689835588] [px4_2.offboard_control]: Received mission setpoint (0.00, 5.00, -5.00) yaw=-1.75
[INFO] [1772633199.763220027] [px4_2.offboard_control]: Target reached within 0.03 m
[INFO] [1772633199.889673353] [px4_2.offboard_control]: Received mission setpoint (0.00, 5.00, -5.00) yaw=-1.66
[INFO] [1772633199.963380095] [px4_2.offboard_control]: Target reached within 0.03 m
[INFO] [1772633200.089668103] [px4_2.offboard_control]: Received mission setpoint (0.00, 5.00, -5.00) yaw=-1.62
[INFO] [1772633200.163305725] [px4_2.offboard_control]: Target reached within 0.03 m
[INFO] [1772633200.289687811] [px4_2.offboard_control]: Received mission setpoint (0.00, 5.00, -5.00) yaw=-1.60
[INFO] [1772633200.363223537] [px4_2.offboard_control]: Target reached within 0.03 m
[INFO] [1772633200.489730831] [px4_2.offboard_control]: Received mission setpoint (0.00, 5.00, -5.00) yaw=-1.55
[INFO] [1772633200.563261838] [px4_2.offboard_control]: Target reached within 0.03 m
[INFO] [1772633200.690040981] [px4_2.offboard_control]: Received mission setpoint (0.00, 5.00, -5.00) yaw=-1.47
[INFO] [1772633200.763241270] [px4_2.offboard_control]: Target reached within 0.03 m
[INFO] [1772633200.889807938] [px4_2.offboard_control]: Received mission setpoint (0.00, 5.00, -5.00) yaw=-1.49
[INFO] [1772633200.963283934] [px4_2.offboard_control]: Target reached within 0.03 m
[INFO] [1772633201.089613587] [px4_2.offboard_control]: Received mission setpoint (0.00, 5.00, -5.00) yaw=-1.53
[INFO] [1772633201.163223093] [px4_2.offboard_control]: Target reached within 0.03 m
[INFO] [1772633201.289711846] [px4_2.offboard_control]: Received mission setpoint (0.00, 5.00, -5.00) yaw=-1.63
[INFO] [1772633201.363198118] [px4_2.offboard_control]: Target reached within 0.03 m
[INFO] [1772633201.489640397] [px4_2.offboard_control]: Received mission setpoint (0.00, 5.00, -5.00) yaw=-1.65
[INFO] [1772633201.563237400] [px4_2.offboard_control]: Target reached within 0.03 m
[INFO] [1772633201.689841511] [px4_2.offboard_control]: Received mission setpoint (0.00, 5.00, -5.00) yaw=-1.65
[INFO] [1772633201.763186109] [px4_2.offboard_control]: Target reached within 0.03 m
[INFO] [1772633201.889794989] [px4_2.offboard_control]: Received mission setpoint (0.00, 5.00, -5.00) yaw=-1.73
[INFO] [1772633201.963523630] [px4_2.offboard_control]: Target reached within 0.04 m
[INFO] [1772633202.090010998] [px4_2.offboard_control]: Received mission setpoint (0.00, 5.00, -5.00) yaw=-1.80
[INFO] [1772633202.163212528] [px4_2.offboard_control]: Target reached within 0.05 m
[INFO] [1772633202.289706650] [px4_2.offboard_control]: Received mission setpoint (0.00, 5.00, -5.00) yaw=-1.84
[INFO] [1772633202.363244979] [px4_2.offboard_control]: Target reached within 0.06 m
[INFO] [1772633202.489873555] [px4_2.offboard_control]: Received mission setpoint (0.00, 5.00, -5.00) yaw=-1.82
[INFO] [1772633202.563195884] [px4_2.offboard_control]: Target reached within 0.06 m
[INFO] [1772633202.690253653] [px4_2.offboard_control]: Received mission setpoint (0.00, 5.00, -5.00) yaw=-1.82
[INFO] [1772633202.763233331] [px4_2.offboard_control]: Target reached within 0.06 m
[INFO] [1772633202.889927442] [px4_2.offboard_control]: Received mission setpoint (0.00, 5.00, -5.00) yaw=-1.79
[INFO] [1772633202.963359457] [px4_2.offboard_control]: Target reached within 0.06 m
[INFO] [1772633203.089829070] [px4_2.offboard_control]: Received mission setpoint (0.00, 5.00, -5.00) yaw=-1.78
[INFO] [1772633203.163212884] [px4_2.offboard_control]: Target reached within 0.06 m
[INFO] [1772633203.289757408] [px4_2.offboard_control]: Received mission setpoint (0.00, 5.00, -5.00) yaw=-1.79
[INFO] [1772633203.363227084] [px4_2.offboard_control]: Target reached within 0.06 m
[INFO] [1772633203.489907797] [px4_2.offboard_control]: Received mission setpoint (0.00, 5.00, -5.00) yaw=-1.79
[INFO] [1772633203.563292838] [px4_2.offboard_control]: Target reached within 0.05 m
[INFO] [1772633203.690049686] [px4_2.offboard_control]: Received mission setpoint (0.00, 5.00, -5.00) yaw=-1.78
[INFO] [1772633203.763254808] [px4_2.offboard_control]: Target reached within 0.05 m
[INFO] [1772633203.889992246] [px4_2.offboard_control]: Received mission setpoint (0.00, 5.00, -5.00) yaw=-1.77
[INFO] [1772633203.963325932] [px4_2.offboard_control]: Target reached within 0.05 m
[INFO] [1772633204.089808376] [px4_2.offboard_control]: Received mission setpoint (0.00, 5.00, -5.00) yaw=-1.78
[INFO] [1772633204.163260877] [px4_2.offboard_control]: Target reached within 0.04 m
[INFO] [1772633204.289906062] [px4_2.offboard_control]: Received mission setpoint (0.00, 5.00, -5.00) yaw=-1.79
[INFO] [1772633204.363297009] [px4_2.offboard_control]: Target reached within 0.03 m
[INFO] [1772633204.490041710] [px4_2.offboard_control]: Received mission setpoint (0.00, 5.00, -5.00) yaw=-1.77
[INFO] [1772633204.563241317] [px4_2.offboard_control]: Target reached within 0.03 m
[INFO] [1772633204.689754901] [px4_2.offboard_control]: Received mission setpoint (0.00, 5.00, -5.00) yaw=-1.73
[INFO] [1772633204.763223613] [px4_2.offboard_control]: Target reached within 0.02 m
[INFO] [1772633204.889750865] [px4_2.offboard_control]: Received mission setpoint (0.00, 5.00, -5.00) yaw=-1.67
[INFO] [1772633204.963221389] [px4_2.offboard_control]: Target reached within 0.02 m
[INFO] [1772633205.090211094] [px4_2.offboard_control]: Received mission setpoint (0.00, 5.00, -5.00) yaw=-1.63
[INFO] [1772633205.163267400] [px4_2.offboard_control]: Target reached within 0.02 m
[INFO] [1772633205.290009091] [px4_2.offboard_control]: Received mission setpoint (0.00, 5.00, -5.00) yaw=-1.65
[INFO] [1772633205.363219903] [px4_2.offboard_control]: Target reached within 0.01 m
[INFO] [1772633205.489759078] [px4_2.offboard_control]: Received mission setpoint (0.00, 5.00, -5.00) yaw=-1.68
[INFO] [1772633205.563325158] [px4_2.offboard_control]: Target reached within 0.01 m
[INFO] [1772633205.689869263] [px4_2.offboard_control]: Received mission setpoint (0.00, 5.00, -5.00) yaw=-1.65
[INFO] [1772633205.763233911] [px4_2.offboard_control]: Target reached within 0.01 m
[INFO] [1772633205.889970950] [px4_2.offboard_control]: Received mission setpoint (0.00, 5.00, -5.00) yaw=-1.42
[INFO] [1772633205.963684741] [px4_2.offboard_control]: Target reached within 0.00 m
[INFO] [1772633206.089767776] [px4_2.offboard_control]: Received mission setpoint (0.00, 5.00, -5.00) yaw=-0.80
[INFO] [1772633206.163206641] [px4_2.offboard_control]: Target reached within 0.01 m
[INFO] [1772633206.290100526] [px4_2.offboard_control]: Received mission setpoint (0.00, 5.00, -5.00) yaw=-0.48
[INFO] [1772633206.363195213] [px4_2.offboard_control]: Target reached within 0.00 m
[INFO] [1772633206.489903558] [px4_2.offboard_control]: Received mission setpoint (0.00, 5.00, -5.00) yaw=-1.00
[INFO] [1772633206.563324058] [px4_2.offboard_control]: Target reached within 0.00 m
[INFO] [1772633206.689842527] [px4_2.offboard_control]: Received mission setpoint (0.00, 5.00, -5.00) yaw=-3.05
[INFO] [1772633206.763313125] [px4_2.offboard_control]: Target reached within 0.01 m
[INFO] [1772633206.889916157] [px4_2.offboard_control]: Received mission setpoint (0.00, 5.00, -5.00) yaw=2.18
[INFO] [1772633206.963538652] [px4_2.offboard_control]: Target reached within 0.02 m
[INFO] [1772633207.089743303] [px4_2.offboard_control]: Received mission setpoint (0.00, 5.00, -5.00) yaw=1.64
[INFO] [1772633207.163568384] [px4_2.offboard_control]: Target reached within 0.03 m
[INFO] [1772633207.289708653] [px4_2.offboard_control]: Received mission setpoint (0.00, 5.00, -5.00) yaw=1.29
[INFO] [1772633207.363470393] [px4_2.offboard_control]: Target reached within 0.04 m
[INFO] [1772633207.489745259] [px4_2.offboard_control]: Received mission setpoint (0.00, 5.00, -5.00) yaw=1.13
[INFO] [1772633207.563480963] [px4_2.offboard_control]: Target reached within 0.05 m
[INFO] [1772633207.689798615] [px4_2.offboard_control]: Received mission setpoint (0.00, 5.00, -5.00) yaw=1.09
[INFO] [1772633207.763580755] [px4_2.offboard_control]: Target reached within 0.05 m
[INFO] [1772633207.889622032] [px4_2.offboard_control]: Received mission setpoint (0.00, 5.00, -5.00) yaw=1.10
[INFO] [1772633207.963435939] [px4_2.offboard_control]: Target reached within 0.04 m
[INFO] [1772633208.089726728] [px4_2.offboard_control]: Received mission setpoint (0.00, 5.00, -5.00) yaw=1.08
[INFO] [1772633208.163433963] [px4_2.offboard_control]: Target reached within 0.04 m
[INFO] [1772633208.289699596] [px4_2.offboard_control]: Received mission setpoint (0.00, 5.00, -5.00) yaw=0.97
[INFO] [1772633208.363212075] [px4_2.offboard_control]: Target reached within 0.04 m
[INFO] [1772633208.489742761] [px4_2.offboard_control]: Received mission setpoint (0.00, 5.00, -5.00) yaw=0.76
[INFO] [1772633208.563442690] [px4_2.offboard_control]: Target reached within 0.05 m
[INFO] [1772633208.689758915] [px4_2.offboard_control]: Received mission setpoint (0.00, 5.00, -5.00) yaw=0.61
[INFO] [1772633208.763243576] [px4_2.offboard_control]: Target reached within 0.06 m
[INFO] [1772633208.889706440] [px4_2.offboard_control]: Received mission setpoint (0.00, 5.00, -5.00) yaw=0.58
[INFO] [1772633208.963453567] [px4_2.offboard_control]: Target reached within 0.07 m
[INFO] [1772633209.089815465] [px4_2.offboard_control]: Received mission setpoint (0.00, 5.00, -5.00) yaw=0.59
[INFO] [1772633209.163343539] [px4_2.offboard_control]: Target reached within 0.06 m
[INFO] [1772633209.289733246] [px4_2.offboard_control]: Received mission setpoint (0.00, 5.00, -5.00) yaw=0.67
[INFO] [1772633209.363229527] [px4_2.offboard_control]: Target reached within 0.07 m
[INFO] [1772633209.489800759] [px4_2.offboard_control]: Received mission setpoint (0.00, 5.00, -5.00) yaw=0.71
[INFO] [1772633209.563297761] [px4_2.offboard_control]: Target reached within 0.07 m
[INFO] [1772633209.689816647] [px4_2.offboard_control]: Received mission setpoint (0.00, 5.00, -5.00) yaw=0.80
[INFO] [1772633209.763327518] [px4_2.offboard_control]: Target reached within 0.07 m
[INFO] [1772633209.890067097] [px4_2.offboard_control]: Received mission setpoint (0.00, 5.00, -5.00) yaw=0.87
[INFO] [1772633209.963470621] [px4_2.offboard_control]: Target reached within 0.07 m
[INFO] [1772633210.089774630] [px4_2.offboard_control]: Received mission setpoint (0.00, 5.00, -5.00) yaw=0.95
[INFO] [1772633210.163257811] [px4_2.offboard_control]: Target reached within 0.08 m
[INFO] [1772633210.289753841] [px4_2.offboard_control]: Received mission setpoint (0.00, 5.00, -5.00) yaw=1.02
[INFO] [1772633210.363402429] [px4_2.offboard_control]: Target reached within 0.08 m
[INFO] [1772633210.489770672] [px4_2.offboard_control]: Received mission setpoint (0.00, 5.00, -5.00) yaw=1.10
[INFO] [1772633210.563182799] [px4_2.offboard_control]: Target reached within 0.09 m
[INFO] [1772633210.689774543] [px4_2.offboard_control]: Received mission setpoint (0.00, 5.00, -5.00) yaw=1.17
[INFO] [1772633210.763432967] [px4_2.offboard_control]: Target reached within 0.09 m
[INFO] [1772633210.889803065] [px4_2.offboard_control]: Received mission setpoint (0.00, 5.00, -5.00) yaw=1.18
[INFO] [1772633210.963408751] [px4_2.offboard_control]: Target reached within 0.10 m
[INFO] [1772633211.089882776] [px4_2.offboard_control]: Received mission setpoint (0.00, 5.00, -5.00) yaw=1.19
[INFO] [1772633211.163392486] [px4_2.offboard_control]: Target reached within 0.09 m
[INFO] [1772633211.289861172] [px4_2.offboard_control]: Received mission setpoint (0.00, 5.00, -5.00) yaw=1.19
[INFO] [1772633211.363295859] [px4_2.offboard_control]: Target reached within 0.10 m
[INFO] [1772633211.489992210] [px4_2.offboard_control]: Received mission setpoint (0.00, 5.00, -5.00) yaw=1.21
[INFO] [1772633211.563252978] [px4_2.offboard_control]: Target reached within 0.09 m
[INFO] [1772633211.689936923] [px4_2.offboard_control]: Received mission setpoint (0.00, 5.00, -5.00) yaw=1.22
[INFO] [1772633211.763235792] [px4_2.offboard_control]: Target reached within 0.09 m
[INFO] [1772633211.889838429] [px4_2.offboard_control]: Received mission setpoint (0.00, 5.00, -5.00) yaw=1.25
[INFO] [1772633211.963231983] [px4_2.offboard_control]: Target reached within 0.09 m
[INFO] [1772633212.089958040] [px4_2.offboard_control]: Received mission setpoint (0.00, 5.00, -5.00) yaw=1.25
[INFO] [1772633212.163229562] [px4_2.offboard_control]: Target reached within 0.09 m
[INFO] [1772633212.289867497] [px4_2.offboard_control]: Received mission setpoint (0.00, 5.00, -5.00) yaw=1.25
[INFO] [1772633212.363310826] [px4_2.offboard_control]: Target reached within 0.09 m
[INFO] [1772633212.489796067] [px4_2.offboard_control]: Received mission setpoint (0.00, 5.00, -5.00) yaw=1.23
[INFO] [1772633212.563292870] [px4_2.offboard_control]: Target reached within 0.09 m
[INFO] [1772633212.690126350] [px4_2.offboard_control]: Received mission setpoint (0.00, 5.00, -5.00) yaw=1.24
[INFO] [1772633212.763383038] [px4_2.offboard_control]: Target reached within 0.09 m
[INFO] [1772633212.890047281] [px4_2.offboard_control]: Received mission setpoint (0.00, 5.00, -5.00) yaw=1.18
[INFO] [1772633212.963346983] [px4_2.offboard_control]: Target reached within 0.10 m
[INFO] [1772633213.089940011] [px4_2.offboard_control]: Received mission setpoint (0.00, 5.00, -5.00) yaw=1.14
[INFO] [1772633213.163310692] [px4_2.offboard_control]: Target reached within 0.11 m
[INFO] [1772633213.289944032] [px4_2.offboard_control]: Received mission setpoint (0.00, 5.00, -5.00) yaw=1.11
[INFO] [1772633213.363427952] [px4_2.offboard_control]: Target reached within 0.11 m
[INFO] [1772633213.490057809] [px4_2.offboard_control]: Received mission setpoint (0.00, 5.00, -5.00) yaw=1.10
[INFO] [1772633213.563352942] [px4_2.offboard_control]: Target reached within 0.11 m
[INFO] [1772633213.689733793] [px4_2.offboard_control]: Received mission setpoint (0.00, 5.00, -5.00) yaw=1.10
[INFO] [1772633213.763288371] [px4_2.offboard_control]: Target reached within 0.10 m
[INFO] [1772633213.889951567] [px4_2.offboard_control]: Received mission setpoint (0.00, 5.00, -5.00) yaw=1.12
[INFO] [1772633213.963494303] [px4_2.offboard_control]: Target reached within 0.09 m
[INFO] [1772633214.089883387] [px4_2.offboard_control]: Received mission setpoint (0.00, 5.00, -5.00) yaw=1.14
[INFO] [1772633214.163482122] [px4_2.offboard_control]: Target reached within 0.08 m
[INFO] [1772633214.289702841] [px4_2.offboard_control]: Received mission setpoint (0.00, 5.00, -5.00) yaw=1.13
[INFO] [1772633214.363232584] [px4_2.offboard_control]: Target reached within 0.08 m
[INFO] [1772633214.489977625] [px4_2.offboard_control]: Received mission setpoint (0.00, 5.00, -5.00) yaw=1.11
[INFO] [1772633214.563550533] [px4_2.offboard_control]: Target reached within 0.07 m
[INFO] [1772633214.690847762] [px4_2.offboard_control]: Received mission setpoint (0.00, 5.00, -5.00) yaw=1.12
[INFO] [1772633214.763581250] [px4_2.offboard_control]: Target reached within 0.07 m
[INFO] [1772633214.890788909] [px4_2.offboard_control]: Received mission setpoint (0.00, 5.00, -5.00) yaw=1.15
[INFO] [1772633214.963692984] [px4_2.offboard_control]: Target reached within 0.07 m
[INFO] [1772633215.090307779] [px4_2.offboard_control]: Received mission setpoint (0.00, 5.00, -5.00) yaw=1.17
[INFO] [1772633215.164066025] [px4_2.offboard_control]: Target reached within 0.07 m
[INFO] [1772633215.290057879] [px4_2.offboard_control]: Received mission setpoint (0.00, 5.00, -5.00) yaw=1.18
[INFO] [1772633215.363732147] [px4_2.offboard_control]: Target reached within 0.07 m
[INFO] [1772633215.490345022] [px4_2.offboard_control]: Received mission setpoint (0.00, 5.00, -5.00) yaw=1.20
[INFO] [1772633215.563681587] [px4_2.offboard_control]: Target reached within 0.06 m
[INFO] [1772633215.690402792] [px4_2.offboard_control]: Received mission setpoint (0.00, 5.00, -5.00) yaw=1.20
[INFO] [1772633215.763492285] [px4_2.offboard_control]: Target reached within 0.06 m
[INFO] [1772633215.890304007] [px4_2.offboard_control]: Received mission setpoint (0.00, 5.00, -5.00) yaw=1.21
[INFO] [1772633215.963350477] [px4_2.offboard_control]: Target reached within 0.05 m
[INFO] [1772633216.090299250] [px4_2.offboard_control]: Received mission setpoint (0.00, 5.00, -5.00) yaw=1.24
[INFO] [1772633216.163362015] [px4_2.offboard_control]: Target reached within 0.05 m
[INFO] [1772633216.290097736] [px4_2.offboard_control]: Received mission setpoint (0.00, 5.00, -5.00) yaw=1.29
[INFO] [1772633216.363363282] [px4_2.offboard_control]: Target reached within 0.04 m
[INFO] [1772633216.490202641] [px4_2.offboard_control]: Received mission setpoint (0.00, 5.00, -5.00) yaw=1.36
[INFO] [1772633216.563610882] [px4_2.offboard_control]: Target reached within 0.04 m
[INFO] [1772633216.690183051] [px4_2.offboard_control]: Received mission setpoint (0.00, 5.00, -5.00) yaw=1.43
[INFO] [1772633216.763763568] [px4_2.offboard_control]: Target reached within 0.04 m
[INFO] [1772633216.889785665] [px4_2.offboard_control]: Received mission setpoint (0.00, 5.00, -5.00) yaw=1.50
[INFO] [1772633216.963314055] [px4_2.offboard_control]: Target reached within 0.03 m
[INFO] [1772633217.089938268] [px4_2.offboard_control]: Received mission setpoint (0.00, 5.00, -5.00) yaw=1.63
[INFO] [1772633217.163414489] [px4_2.offboard_control]: Target reached within 0.03 m
[INFO] [1772633217.290552547] [px4_2.offboard_control]: Received mission setpoint (0.00, 5.00, -5.00) yaw=1.79
[INFO] [1772633217.363858858] [px4_2.offboard_control]: Target reached within 0.03 m
[INFO] [1772633217.490331089] [px4_2.offboard_control]: Received mission setpoint (0.00, 5.00, -5.00) yaw=2.00
[INFO] [1772633217.563572775] [px4_2.offboard_control]: Target reached within 0.02 m
[INFO] [1772633217.689801323] [px4_2.offboard_control]: Received mission setpoint (0.00, 5.00, -5.00) yaw=2.25
[INFO] [1772633217.763564618] [px4_2.offboard_control]: Target reached within 0.02 m
[INFO] [1772633217.890505865] [px4_2.offboard_control]: Received mission setpoint (0.00, 5.00, -5.00) yaw=2.51
[INFO] [1772633217.963336750] [px4_2.offboard_control]: Target reached within 0.02 m
[INFO] [1772633218.089875408] [px4_2.offboard_control]: Received mission setpoint (0.00, 5.00, -5.00) yaw=2.71
[INFO] [1772633218.163219952] [px4_2.offboard_control]: Target reached within 0.02 m
[INFO] [1772633218.289683078] [px4_2.offboard_control]: Received mission setpoint (0.00, 5.00, -5.00) yaw=2.95
[INFO] [1772633218.363274417] [px4_2.offboard_control]: Target reached within 0.01 m
[INFO] [1772633218.490079946] [px4_2.offboard_control]: Received mission setpoint (0.00, 5.00, -5.00) yaw=-2.95
[INFO] [1772633218.563501294] [px4_2.offboard_control]: Target reached within 0.01 m
[INFO] [1772633218.690074161] [px4_2.offboard_control]: Received mission setpoint (0.00, 5.00, -5.00) yaw=-2.50
[INFO] [1772633218.763205159] [px4_2.offboard_control]: Target reached within 0.01 m
[INFO] [1772633218.889995499] [px4_2.offboard_control]: Received mission setpoint (0.00, 5.00, -5.00) yaw=-2.45
[INFO] [1772633218.963231293] [px4_2.offboard_control]: Target reached within 0.01 m
[INFO] [1772633219.090010022] [px4_2.offboard_control]: Received mission setpoint (0.00, 5.00, -5.00) yaw=-2.82
[INFO] [1772633219.163243613] [px4_2.offboard_control]: Target reached within 0.01 m
[INFO] [1772633219.289681627] [px4_2.offboard_control]: Received mission setpoint (0.00, 5.00, -5.00) yaw=-3.04
[INFO] [1772633219.363326400] [px4_2.offboard_control]: Target reached within 0.01 m
[INFO] [1772633219.490030664] [px4_2.offboard_control]: Received mission setpoint (0.00, 5.00, -5.00) yaw=-2.49
[INFO] [1772633219.563225736] [px4_2.offboard_control]: Target reached within 0.01 m
[INFO] [1772633219.689740881] [px4_2.offboard_control]: Received mission setpoint (0.00, 5.00, -5.00) yaw=-1.74
[INFO] [1772633219.763155179] [px4_2.offboard_control]: Target reached within 0.01 m
[INFO] [1772633219.889739308] [px4_2.offboard_control]: Received mission setpoint (0.00, 5.00, -5.00) yaw=-1.85
[INFO] [1772633219.963191260] [px4_2.offboard_control]: Target reached within 0.02 m
[INFO] [1772633220.089753204] [px4_2.offboard_control]: Received mission setpoint (0.00, 5.00, -5.00) yaw=-2.31
[INFO] [1772633220.163200086] [px4_2.offboard_control]: Target reached within 0.02 m
[INFO] [1772633220.289763308] [px4_2.offboard_control]: Received mission setpoint (0.00, 5.00, -5.00) yaw=-2.59
[INFO] [1772633220.363334772] [px4_2.offboard_control]: Target reached within 0.02 m
[INFO] [1772633220.489781278] [px4_2.offboard_control]: Received mission setpoint (0.00, 5.00, -5.00) yaw=-2.36
[INFO] [1772633220.563232465] [px4_2.offboard_control]: Target reached within 0.02 m
[INFO] [1772633220.690062797] [px4_2.offboard_control]: Received mission setpoint (0.00, 5.00, -5.00) yaw=-1.96
[INFO] [1772633220.763222783] [px4_2.offboard_control]: Target reached within 0.03 m
[INFO] [1772633220.890173139] [px4_2.offboard_control]: Received mission setpoint (0.00, 5.00, -5.00) yaw=-1.95
[INFO] [1772633220.963233946] [px4_2.offboard_control]: Target reached within 0.04 m
[INFO] [1772633221.089977154] [px4_2.offboard_control]: Received mission setpoint (0.00, 5.00, -5.00) yaw=-2.20
[INFO] [1772633221.163262505] [px4_2.offboard_control]: Target reached within 0.04 m
[INFO] [1772633221.289965678] [px4_2.offboard_control]: Received mission setpoint (0.00, 5.00, -5.00) yaw=-2.35
[INFO] [1772633221.363284378] [px4_2.offboard_control]: Target reached within 0.05 m
[INFO] [1772633222.270532858] [px4_2.offboard_control]: Received mission setpoint (0.00, 5.00, -5.00) yaw=-2.35
[INFO] [1772633222.290069066] [px4_2.offboard_control]: Received mission setpoint (0.00, 5.00, -5.00) yaw=-2.31
[INFO] [1772633222.363209009] [px4_2.offboard_control]: Target reached within 0.07 m
[INFO] [1772633222.489697940] [px4_2.offboard_control]: Received mission setpoint (0.00, 5.00, -5.00) yaw=-2.15
[INFO] [1772633222.563166917] [px4_2.offboard_control]: Target reached within 0.09 m
[INFO] [1772633222.689659640] [px4_2.offboard_control]: Received mission setpoint (0.00, 5.00, -5.00) yaw=-2.17
[INFO] [1772633222.763454585] [px4_2.offboard_control]: Target reached within 0.09 m
[INFO] [1772633222.889767955] [px4_2.offboard_control]: Received mission setpoint (0.00, 5.00, -5.00) yaw=-2.18
[INFO] [1772633222.963192246] [px4_2.offboard_control]: Target reached within 0.09 m
[INFO] [1772633223.089715570] [px4_2.offboard_control]: Received mission setpoint (0.00, 5.00, -5.00) yaw=-2.17
[INFO] [1772633223.163434128] [px4_2.offboard_control]: Target reached within 0.10 m
[INFO] [1772633223.289771534] [px4_2.offboard_control]: Received mission setpoint (0.00, 5.00, -5.00) yaw=-2.15
[INFO] [1772633223.363257608] [px4_2.offboard_control]: Target reached within 0.10 m
[INFO] [1772633223.489639149] [px4_2.offboard_control]: Received mission setpoint (0.00, 5.00, -5.00) yaw=-2.10
[INFO] [1772633223.563336415] [px4_2.offboard_control]: Target reached within 0.10 m
[INFO] [1772633223.689704263] [px4_2.offboard_control]: Received mission setpoint (0.00, 5.00, -5.00) yaw=-2.05
[INFO] [1772633223.763260933] [px4_2.offboard_control]: Target reached within 0.10 m
[INFO] [1772633223.889642806] [px4_2.offboard_control]: Received mission setpoint (0.00, 5.00, -5.00) yaw=-2.04
[INFO] [1772633223.963633062] [px4_2.offboard_control]: Target reached within 0.10 m
[INFO] [1772633224.089788545] [px4_2.offboard_control]: Received mission setpoint (0.00, 5.00, -5.00) yaw=-2.04
[INFO] [1772633224.163252399] [px4_2.offboard_control]: Target reached within 0.10 m
[INFO] [1772633224.289761996] [px4_2.offboard_control]: Received mission setpoint (0.00, 5.00, -5.00) yaw=-1.98
[INFO] [1772633224.363270915] [px4_2.offboard_control]: Target reached within 0.10 m
[INFO] [1772633224.489843598] [px4_2.offboard_control]: Received mission setpoint (0.00, 5.00, -5.00) yaw=-1.91
[INFO] [1772633224.563135146] [px4_2.offboard_control]: Target reached within 0.10 m
[INFO] [1772633224.690339372] [px4_2.offboard_control]: Received mission setpoint (0.00, 5.00, -5.00) yaw=-1.88
[INFO] [1772633224.763284743] [px4_2.offboard_control]: Target reached within 0.09 m
[INFO] [1772633224.889923534] [px4_2.offboard_control]: Received mission setpoint (0.00, 5.00, -5.00) yaw=-1.86
[INFO] [1772633224.963156417] [px4_2.offboard_control]: Target reached within 0.09 m
[INFO] [1772633225.090151628] [px4_2.offboard_control]: Received mission setpoint (0.00, 5.00, -5.00) yaw=-1.86
[INFO] [1772633225.163422336] [px4_2.offboard_control]: Target reached within 0.08 m
[INFO] [1772633225.290022854] [px4_2.offboard_control]: Received mission setpoint (0.00, 5.00, -5.00) yaw=-1.87
[INFO] [1772633225.363150454] [px4_2.offboard_control]: Target reached within 0.08 m
[INFO] [1772633225.489724164] [px4_2.offboard_control]: Received mission setpoint (0.00, 5.00, -5.00) yaw=-1.87
[INFO] [1772633225.563236869] [px4_2.offboard_control]: Target reached within 0.07 m
[INFO] [1772633225.690016960] [px4_2.offboard_control]: Received mission setpoint (0.00, 5.00, -5.00) yaw=-1.86
[INFO] [1772633225.763163226] [px4_2.offboard_control]: Target reached within 0.07 m
[INFO] [1772633225.890378499] [px4_2.offboard_control]: Received mission setpoint (0.00, 5.00, -5.00) yaw=-1.84
[INFO] [1772633225.963183505] [px4_2.offboard_control]: Target reached within 0.06 m
[INFO] [1772633226.089873602] [px4_2.offboard_control]: Received mission setpoint (0.00, 5.00, -5.00) yaw=-1.80
[INFO] [1772633226.163140370] [px4_2.offboard_control]: Target reached within 0.06 m
[INFO] [1772633226.289879223] [px4_2.offboard_control]: Received mission setpoint (0.00, 5.00, -5.00) yaw=-1.75
[INFO] [1772633226.363089768] [px4_2.offboard_control]: Target reached within 0.05 m
[INFO] [17726332